Archive member included to satisfy reference by file (symbol)

/opt/stm32cubeide/plugins/com.st.stm32cube.ide.mcu.externaltools.gnu-tools-for-stm32.13.3.rel1.linux64_1.0.0.202410170706/tools/bin/../lib/gcc/arm-none-eabi/13.3.1/../../../../arm-none-eabi/lib/thumb/v7-m/nofp/libc_nano.a(libc_a-exit.o)
                              /opt/stm32cubeide/plugins/com.st.stm32cube.ide.mcu.externaltools.gnu-tools-for-stm32.13.3.rel1.linux64_1.0.0.202410170706/tools/bin/../lib/gcc/arm-none-eabi/13.3.1/../../../../arm-none-eabi/lib/thumb/v7-m/nofp/crt0.o (exit)
/opt/stm32cubeide/plugins/com.st.stm32cube.ide.mcu.externaltools.gnu-tools-for-stm32.13.3.rel1.linux64_1.0.0.202410170706/tools/bin/../lib/gcc/arm-none-eabi/13.3.1/../../../../arm-none-eabi/lib/thumb/v7-m/nofp/libc_nano.a(libc_a-findfp.o)
                              /opt/stm32cubeide/plugins/com.st.stm32cube.ide.mcu.externaltools.gnu-tools-for-stm32.13.3.rel1.linux64_1.0.0.202410170706/tools/bin/../lib/gcc/arm-none-eabi/13.3.1/../../../../arm-none-eabi/lib/thumb/v7-m/nofp/libc_nano.a(libc_a-exit.o) (__stdio_exit_handler)
/opt/stm32cubeide/plugins/com.st.stm32cube.ide.mcu.externaltools.gnu-tools-for-stm32.13.3.rel1.linux64_1.0.0.202410170706/tools/bin/../lib/gcc/arm-none-eabi/13.3.1/../../../../arm-none-eabi/lib/thumb/v7-m/nofp/libc_nano.a(libc_a-fwalk.o)
                              /opt/stm32cubeide/plugins/com.st.stm32cube.ide.mcu.externaltools.gnu-tools-for-stm32.13.3.rel1.linux64_1.0.0.202410170706/tools/bin/../lib/gcc/arm-none-eabi/13.3.1/../../../../arm-none-eabi/lib/thumb/v7-m/nofp/libc_nano.a(libc_a-findfp.o) (_fwalk_sglue)
/opt/stm32cubeide/plugins/com.st.stm32cube.ide.mcu.externaltools.gnu-tools-for-stm32.13.3.rel1.linux64_1.0.0.202410170706/tools/bin/../lib/gcc/arm-none-eabi/13.3.1/../../../../arm-none-eabi/lib/thumb/v7-m/nofp/libc_nano.a(libc_a-stdio.o)
                              /opt/stm32cubeide/plugins/com.st.stm32cube.ide.mcu.externaltools.gnu-tools-for-stm32.13.3.rel1.linux64_1.0.0.202410170706/tools/bin/../lib/gcc/arm-none-eabi/13.3.1/../../../../arm-none-eabi/lib/thumb/v7-m/nofp/libc_nano.a(libc_a-findfp.o) (__sread)
/opt/stm32cubeide/plugins/com.st.stm32cube.ide.mcu.externaltools.gnu-tools-for-stm32.13.3.rel1.linux64_1.0.0.202410170706/tools/bin/../lib/gcc/arm-none-eabi/13.3.1/../../../../arm-none-eabi/lib/thumb/v7-m/nofp/libc_nano.a(libc_a-memset.o)
                              /opt/stm32cubeide/plugins/com.st.stm32cube.ide.mcu.externaltools.gnu-tools-for-stm32.13.3.rel1.linux64_1.0.0.202410170706/tools/bin/../lib/gcc/arm-none-eabi/13.3.1/../../../../arm-none-eabi/lib/thumb/v7-m/nofp/crt0.o (memset)
/opt/stm32cubeide/plugins/com.st.stm32cube.ide.mcu.externaltools.gnu-tools-for-stm32.13.3.rel1.linux64_1.0.0.202410170706/tools/bin/../lib/gcc/arm-none-eabi/13.3.1/../../../../arm-none-eabi/lib/thumb/v7-m/nofp/libc_nano.a(libc_a-closer.o)
                              /opt/stm32cubeide/plugins/com.st.stm32cube.ide.mcu.externaltools.gnu-tools-for-stm32.13.3.rel1.linux64_1.0.0.202410170706/tools/bin/../lib/gcc/arm-none-eabi/13.3.1/../../../../arm-none-eabi/lib/thumb/v7-m/nofp/libc_nano.a(libc_a-stdio.o) (_close_r)
/opt/stm32cubeide/plugins/com.st.stm32cube.ide.mcu.externaltools.gnu-tools-for-stm32.13.3.rel1.linux64_1.0.0.202410170706/tools/bin/../lib/gcc/arm-none-eabi/13.3.1/../../../../arm-none-eabi/lib/thumb/v7-m/nofp/libc_nano.a(libc_a-reent.o)
                              /opt/stm32cubeide/plugins/com.st.stm32cube.ide.mcu.externaltools.gnu-tools-for-stm32.13.3.rel1.linux64_1.0.0.202410170706/tools/bin/../lib/gcc/arm-none-eabi/13.3.1/../../../../arm-none-eabi/lib/thumb/v7-m/nofp/libc_nano.a(libc_a-closer.o) (errno)
/opt/stm32cubeide/plugins/com.st.stm32cube.ide.mcu.externaltools.gnu-tools-for-stm32.13.3.rel1.linux64_1.0.0.202410170706/tools/bin/../lib/gcc/arm-none-eabi/13.3.1/../../../../arm-none-eabi/lib/thumb/v7-m/nofp/libc_nano.a(libc_a-impure.o)
                              /opt/stm32cubeide/plugins/com.st.stm32cube.ide.mcu.externaltools.gnu-tools-for-stm32.13.3.rel1.linux64_1.0.0.202410170706/tools/bin/../lib/gcc/arm-none-eabi/13.3.1/../../../../arm-none-eabi/lib/thumb/v7-m/nofp/libc_nano.a(libc_a-reent.o) (_impure_ptr)
/opt/stm32cubeide/plugins/com.st.stm32cube.ide.mcu.externaltools.gnu-tools-for-stm32.13.3.rel1.linux64_1.0.0.202410170706/tools/bin/../lib/gcc/arm-none-eabi/13.3.1/../../../../arm-none-eabi/lib/thumb/v7-m/nofp/libc_nano.a(libc_a-lseekr.o)
                              /opt/stm32cubeide/plugins/com.st.stm32cube.ide.mcu.externaltools.gnu-tools-for-stm32.13.3.rel1.linux64_1.0.0.202410170706/tools/bin/../lib/gcc/arm-none-eabi/13.3.1/../../../../arm-none-eabi/lib/thumb/v7-m/nofp/libc_nano.a(libc_a-stdio.o) (_lseek_r)
/opt/stm32cubeide/plugins/com.st.stm32cube.ide.mcu.externaltools.gnu-tools-for-stm32.13.3.rel1.linux64_1.0.0.202410170706/tools/bin/../lib/gcc/arm-none-eabi/13.3.1/../../../../arm-none-eabi/lib/thumb/v7-m/nofp/libc_nano.a(libc_a-readr.o)
[...]
Memory Configuration

Name             Origin             Length             Attributes
RAM              0x20000000         0x00002800         xrw
FLASH            0x08000000         0x00008000         xr
*default*        0x00000000         0xffffffff

Linker script and memory map

LOAD /opt/stm32cubeide/plugins/com.st.stm32cube.ide.mcu.externaltools.gnu-tools-for-stm32.13.3.rel1.linux64_1.0.0.202410170706/tools/bin/../lib/gcc/arm-none-eabi/13.3.1/thumb/v7-m/nofp/crti.o
LOAD /opt/stm32cubeide/plugins/com.st.stm32cube.ide.mcu.externaltools.gnu-tools-for-stm32.13.3.rel1.linux64_1.0.0.202410170706/tools/bin/../lib/gcc/arm-none-eabi/13.3.1/thumb/v7-m/nofp/crtbegin.o
LOAD /opt/stm32cubeide/plugins/com.st.stm32cube.ide.mcu.externaltools.gnu-tools-for-stm32.13.3.rel1.linux64_1.0.0.202410170706/tools/bin/../lib/gcc/arm-none-eabi/13.3.1/../../../../arm-none-eabi/lib/thumb/v7-m/nofp/crt0.o
LOAD ./Core/Src/Battery.o
LOAD ./Core/Src/ButtonManager.o
LOAD ./Core/Src/RTCManager.o
LOAD ./Core/Src/Thermistor.o
LOAD ./Core/Src/UIManager.o
LOAD ./Core/Src/Utils.o
LOAD ./Core/Src/display.o
LOAD ./Core/Src/main.o
LOAD ./Core/Src/stm32f1xx_hal_msp.o
LOAD ./Core/Src/stm32f1xx_it.o
LOAD ./Core/Src/syscalls.o
LOAD ./Core/Src/sysmem.o
LOAD ./Core/Src/system_stm32f1xx.o
LOAD ./Core/Src/UI/UI_SetTime.o
LOAD ./Core/Startup/startup_stm32f103c6tx.o
LOAD ./Drivers/STM32F1xx_HAL_Driver/Src/stm32f1xx_hal.o
LOAD ./Drivers/STM32F1xx_HAL_Driver/Src/stm32f1xx_hal_adc.o
LOAD ./Drivers/STM32F1xx_HAL_Driver/Src/stm32f1xx_hal_adc_ex.o
LOAD ./Drivers/STM32F1xx_HAL_Driver/Src/stm32f1xx_hal_cortex.o
LOAD ./Drivers/STM32F1xx_HAL_Driver/Src/stm32f1xx_hal_dma.o
LOAD ./Drivers/STM32F1xx_HAL_Driver/Src/stm32f1xx_hal_exti.o
LOAD ./Drivers/STM32F1xx_HAL_Driver/Src/stm32f1xx_hal_flash.o
LOAD ./Drivers/STM32F1xx_HAL_Driver/Src/stm32f1xx_hal_flash_ex.o
LOAD ./Drivers/STM32F1xx_HAL_Driver/Src/stm32f1xx_hal_gpio.o
LOAD ./Drivers/STM32F1xx_HAL_Driver/Src/stm32f1xx_hal_gpio_ex.o
LOAD ./Drivers/STM32F1xx_HAL_Driver/Src/stm32f1xx_hal_pwr.o
LOAD ./Drivers/STM32F1xx_HAL_Driver/Src/stm32f1xx_hal_rcc.o
LOAD ./Drivers/STM32F1xx_HAL_Driver/Src/stm32f1xx_hal_rcc_ex.o
LOAD ./Drivers/STM32F1xx_HAL_Driver/Src/stm32f1xx_hal_rtc.o
LOAD ./Drivers/STM32F1xx_HAL_Driver/Src/stm32f1xx_hal_rtc_ex.o
LOAD ./Drivers/STM32F1xx_HAL_Driver/Src/stm32f1xx_hal_spi.o
START GROUP
LOAD /opt/stm32cubeide/plugins/com.st.stm32cube.ide.mcu.externaltools.gnu-tools-for-stm32.13.3.rel1.linux64_1.0.0.202410170706/tools/bin/../lib/gcc/arm-none-eabi/13.3.1/../../../../arm-none-eabi/lib/thumb/v7-m/nofp/libc_nano.a
LOAD /opt/stm32cubeide/plugins/com.st.stm32cube.ide.mcu.externaltools.gnu-tools-for-stm32.13.3.rel1.linux64_1.0.0.202410170706/tools/bin/../lib/gcc/arm-none-eabi/13.3.1/../../../../arm-none-eabi/lib/thumb/v7-m/nofp/libm.a
END GROUP
START GROUP
LOAD /opt/stm32cubeide/plugins/com.st.stm32cube.ide.mcu.externaltools.gnu-tools-for-stm32.13.3.rel1.linux64_1.0.0.202410170706/tools/bin/../lib/gcc/arm-none-eabi/13.3.1/thumb/v7-m/nofp/libgcc.a
LOAD /opt/stm32cubeide/plugins/com.st.stm32cube.ide.mcu.externaltools.gnu-tools-for-stm32.13.3.rel1.linux64_1.0.0.202410170706/tools/bin/../lib/gcc/arm-none-eabi/13.3.1/../../../../arm-none-eabi/lib/thumb/v7-m/nofp/libc_nano.a
END GROUP
START GROUP
LOAD /opt/stm32cubeide/plugins/com.st.stm32cube.ide.mcu.externaltools.gnu-tools-for-stm32.13.3.rel1.linux64_1.0.0.202410170706/tools/bin/../lib/gcc/arm-none-eabi/13.3.1/thumb/v7-m/nofp/libgcc.a
LOAD /opt/stm32cubeide/plugins/com.st.stm32cube.ide.mcu.externaltools.gnu-tools-for-stm32.13.3.rel1.linux64_1.0.0.202410170706/tools/bin/../lib/gcc/arm-none-eabi/13.3.1/../../../../arm-none-eabi/lib/thumb/v7-m/nofp/libc_nano.a
LOAD /opt/stm32cubeide/plugins/com.st.stm32cube.ide.mcu.externaltools.gnu-tools-for-stm32.13.3.rel1.linux64_1.0.0.202410170706/tools/bin/../lib/gcc/arm-none-eabi/13.3.1/../../../../arm-none-eabi/lib/thumb/v7-m/nofp/libnosys.a
END GROUP
START GROUP
LOAD /opt/stm32cubeide/plugins/com.st.stm32cube.ide.mcu.externaltools.gnu-tools-for-stm32.13.3.rel1.linux64_1.0.0.202410170706/tools/bin/../lib/gcc/arm-none-eabi/13.3.1/thumb/v7-m/nofp/libgcc.a
LOAD /opt/stm32cubeide/plugins/com.st.stm32cube.ide.mcu.externaltools.gnu-tools-for-stm32.13.3.rel1.linux64_1.0.0.202410170706/tools/bin/../lib/gcc/arm-none-eabi/13.3.1/../../../../arm-none-eabi/lib/thumb/v7-m/nofp/libc_nano.a
LOAD /opt/stm32cubeide/plugins/com.st.stm32cube.ide.mcu.externaltools.gnu-tools-for-stm32.13.3.rel1.linux64_1.0.0.202410170706/tools/bin/../lib/gcc/arm-none-eabi/13.3.1/../../../../arm-none-eabi/lib/thumb/v7-m/nofp/libnosys.a
END GROUP
LOAD /opt/stm32cubeide/plugins/com.st.stm32cube.ide.mcu.externaltools.gnu-tools-for-stm32.13.3.rel1.linux64_1.0.0.202410170706/tools/bin/../lib/gcc/arm-none-eabi/13.3.1/thumb/v7-m/nofp/crtend.o
LOAD /opt/stm32cubeide/plugins/com.st.stm32cube.ide.mcu.externaltools.gnu-tools-for-stm32.13.3.rel1.linux64_1.0.0.202410170706/tools/bin/../lib/gcc/arm-none-eabi/13.3.1/thumb/v7-m/nofp/crtn.o
                0x20002800                        _estack = (ORIGIN (RAM) + LENGTH (RAM))
                0x00000200                        _Min_Heap_Size = 0x200
                0x00000400                        _Min_Stack_Size = 0x400

.isr_vector     0x08000000      0x10c
                0x08000000                        . = ALIGN (0x4)
 *(.isr_vector)
 .isr_vector    0x08000000      0x10c ./Core/Startup/startup_stm32f103c6tx.o
                0x08000000                g_pfnVectors
                0x0800010c                        . = ALIGN (0x4)

.text           0x0800010c     0x5400
                0x0800010c                        . = ALIGN (0x4)
 *(.text)
 .text          0x0800010c       0x40 /opt/stm32cubeide/plugins/com.st.stm32cube.ide.mcu.externaltools.gnu-tools-for-stm32.13.3.rel1.linux64_1.0.0.202410170706/tools/bin/../lib/gcc/arm-none-eabi/13.3.1/thumb/v7-m/nofp/crtbegin.o
 .text          0x0800014c      0x21c /opt/stm32cubeide/plugins/com.st.stm32cube.ide.mcu.externaltools.gnu-tools-for-stm32.13.3.rel1.linux64_1.0.0.202410170706/tools/bin/../lib/gcc/arm-none-eabi/13.3.1/thumb/v7-m/nofp/libgcc.a(_arm_addsubsf3.o)
                0x0800014c                __aeabi_frsub
                0x08000154                __subsf3
                0x08000154                __aeabi_fsub
                0x08000158                __aeabi_fadd
                0x08000158                __addsf3
                0x080002b8                __aeabi_ui2f
                0x080002b8                __floatunsisf
                0x080002c0                __aeabi_i2f
                0x080002c0                __floatsisf
                0x080002dc                __floatundisf
                0x080002dc                __aeabi_ul2f
                0x080002ec                __floatdisf
                0x080002ec                __aeabi_l2f
 .text          0x08000368      0x2a0 /opt/stm32cubeide/plugins/com.st.stm32cube.ide.mcu.externaltools.gnu-tools-for-stm32.13.3.rel1.linux64_1.0.0.202410170706/tools/bin/../lib/gcc/arm-none-eabi/13.3.1/thumb/v7-m/nofp/libgcc.a(_arm_muldivsf3.o)
                0x08000368                __mulsf3
                0x08000368                __aeabi_fmul
                0x080004d0                __divsf3
                0x080004d0                __aeabi_fdiv
 .text          0x08000608       0xec /opt/stm32cubeide/plugins/com.st.stm32cube.ide.mcu.externaltools.gnu-tools-for-stm32.13.3.rel1.linux64_1.0.0.202410170706/tools/bin/../lib/gcc/arm-none-eabi/13.3.1/thumb/v7-m/nofp/libgcc.a(_arm_cmpsf2.o)
                0x08000608                __gtsf2
                0x08000608                __gesf2
                0x08000610                __lesf2
                0x08000610                __ltsf2
                0x08000618                __nesf2
                0x08000618                __eqsf2
                0x08000618                __cmpsf2
                0x08000678                __aeabi_cfrcmple
                0x08000680                __aeabi_cfcmple
                0x08000680                __aeabi_cfcmpeq
                0x08000690                __aeabi_fcmpeq
                0x080006a4                __aeabi_fcmplt
                0x080006b8                __aeabi_fcmple
                0x080006cc                __aeabi_fcmpge
                0x080006e0                __aeabi_fcmpgt
 .text          0x080006f4       0x2c /opt/stm32cubeide/plugins/com.st.stm32cube.ide.mcu.externaltools.gnu-tools-for-stm32.13.3.rel1.linux64_1.0.0.202410170706/tools/bin/../lib/gcc/arm-none-eabi/13.3.1/thumb/v7-m/nofp/libgcc.a(_arm_unordsf2.o)
                0x080006f4                __aeabi_fcmpun
                0x080006f4                __unordsf2
 .text          0x08000720       0x40 /opt/stm32cubeide/plugins/com.st.stm32cube.ide.mcu.externaltools.gnu-tools-for-stm32.13.3.rel1.linux64_1.0.0.202410170706/tools/bin/../lib/gcc/arm-none-eabi/13.3.1/thumb/v7-m/nofp/libgcc.a(_arm_fixunssfsi.o)
                0x08000720                __aeabi_f2uiz
                0x08000720                __fixunssfsi
 *(.text*)
 .text.getVBat  0x08000760       0x44 ./Core/Src/Battery.o
                0x08000760                getVBat
 .text.getBatteryLevel
                0x080007a4       0x50 ./Core/Src/Battery.o
                0x080007a4                getBatteryLevel
 .text.Buttons_GetState
                0x080007f4       0xd4 ./Core/Src/ButtonManager.o
                0x080007f4                Buttons_GetState
 .text.Get_Time_Now
                0x080008c8       0xe8 ./Core/Src/RTCManager.o
                0x080008c8                Get_Time_Now
 .text.Get_Date_Now
                0x080009b0      0x1c4 ./Core/Src/RTCManager.o
                0x080009b0                Get_Date_Now
 .text.Update_RTCTime
                0x08000b74       0x68 ./Core/Src/RTCManager.o
                0x08000b74                Update_RTCTime
 .text.Thermistor_CalcTempC
                0x08000bdc       0xd4 ./Core/Src/Thermistor.o
                0x08000bdc                Thermistor_CalcTempC
 .text.Thermistor_strCalcTempC
                0x08000cb0      0x11c ./Core/Src/Thermistor.o
                0x08000cb0                Thermistor_strCalcTempC
 .text.UI_Init  0x08000dcc       0x34 ./Core/Src/UIManager.o
                0x08000dcc                UI_Init
 .text.UI_Update
                0x08000e00      0x28c ./Core/Src/UIManager.o
                0x08000e00                UI_Update
 .text.UI_SetView
                0x0800108c       0x20 ./Core/Src/UIManager.o
                0x0800108c                UI_SetView
 .text.UI_UpdateDataFromRTC
                0x080010ac       0x4c ./Core/Src/UIManager.o
                0x080010ac                UI_UpdateDataFromRTC
 .text.UI_UpdateDataFromADC
                0x080010f8       0x64 ./Core/Src/UIManager.o
                0x080010f8                UI_UpdateDataFromADC
 .text.uint16ToCharArrEx
                0x0800115c       0x9c ./Core/Src/Utils.o
                0x0800115c                uint16ToCharArrEx
 .text.LCD_Send
                0x080011f8       0x60 ./Core/Src/display.o
 .text.LCD_Init
                0x08001258       0xa4 ./Core/Src/display.o
                0x08001258                LCD_Init
 .text.LCD_Clear
                0x080012fc       0x4c ./Core/Src/display.o
                0x080012fc                LCD_Clear
 .text.LCD_Update
                0x08001348       0x80 ./Core/Src/display.o
                0x08001348                LCD_Update
 .text.LCD_DrawPoint
                0x080013c8       0x68 ./Core/Src/display.o
                0x080013c8                LCD_DrawPoint
 .text.LCD_DrawChar
                0x08001430       0x78 ./Core/Src/display.o
                0x08001430                LCD_DrawChar
 .text.LCD_DrawCharX2
                0x080014a8       0xec ./Core/Src/display.o
                0x080014a8                LCD_DrawCharX2
 .text.LCD_DrawText
                0x08001594       0x72 ./Core/Src/display.o
                0x08001594                LCD_DrawText
 *fill*         0x08001606        0x2 
 .text.main     0x08001608       0x94 ./Core/Src/main.o
                0x08001608                main
 .text.SystemClock_Config
                0x0800169c       0xac ./Core/Src/main.o
                0x0800169c                SystemClock_Config
 .text.MX_ADC1_Init
                0x08001748       0xe8 ./Core/Src/main.o
 .text.MX_RTC_Init
                0x08001830      0x148 ./Core/Src/main.o
 .text.MX_SPI1_Init
                0x08001978       0x6c ./Core/Src/main.o
 .text.MX_GPIO_Init
                0x080019e4      0x108 ./Core/Src/main.o
 .text.Error_Handler
                0x08001aec       0x38 ./Core/Src/main.o
                0x08001aec                Error_Handler
 .text.HAL_MspInit
                0x08001b24       0x64 ./Core/Src/stm32f1xx_hal_msp.o
                0x08001b24                HAL_MspInit
 .text.HAL_ADC_MspInit
                0x08001b88       0xb8 ./Core/Src/stm32f1xx_hal_msp.o
                0x08001b88                HAL_ADC_MspInit
 .text.HAL_RTC_MspInit
                0x08001c40       0x68 ./Core/Src/stm32f1xx_hal_msp.o
                0x08001c40                HAL_RTC_MspInit
 .text.HAL_SPI_MspInit
                0x08001ca8       0x94 ./Core/Src/stm32f1xx_hal_msp.o
                0x08001ca8                HAL_SPI_MspInit
 .text.NMI_Handler
                0x08001d3c        0x8 ./Core/Src/stm32f1xx_it.o
                0x08001d3c                NMI_Handler
 .text.HardFault_Handler
                0x08001d44        0x8 ./Core/Src/stm32f1xx_it.o
                0x08001d44                HardFault_Handler
 .text.MemManage_Handler
                0x08001d4c        0x8 ./Core/Src/stm32f1xx_it.o
                0x08001d4c                MemManage_Handler
 .text.BusFault_Handler
                0x08001d54        0x8 ./Core/Src/stm32f1xx_it.o
                0x08001d54                BusFault_Handler
 .text.UsageFault_Handler
                0x08001d5c        0x8 ./Core/Src/stm32f1xx_it.o
                0x08001d5c                UsageFault_Handler
 .text.SVC_Handler
                0x08001d64        0xc ./Core/Src/stm32f1xx_it.o
                0x08001d64                SVC_Handler
 .text.DebugMon_Handler
                0x08001d70        0xc ./Core/Src/stm32f1xx_it.o
                0x08001d70                DebugMon_Handler
 .text.PendSV_Handler
                0x08001d7c        0xc ./Core/Src/stm32f1xx_it.o
                0x08001d7c                PendSV_Handler
 .text.SysTick_Handler
                0x08001d88       0x10 ./Core/Src/stm32f1xx_it.o
                0x08001d88                SysTick_Handler
 .text.RTC_IRQHandler
                0x08001d98       0x40 ./Core/Src/stm32f1xx_it.o
                0x08001d98                RTC_IRQHandler
 .text.ADC1_2_IRQHandler
                0x08001dd8       0x6c ./Core/Src/stm32f1xx_it.o
                0x08001dd8                ADC1_2_IRQHandler
 .text.RTC_Alarm_IRQHandler
                0x08001e44       0x14 ./Core/Src/stm32f1xx_it.o
                0x08001e44                RTC_Alarm_IRQHandler
 .text.UI_Time_Init
                0x08001e58       0x34 ./Core/Src/UI/UI_SetTime.o
                0x08001e58                UI_Time_Init
 .text.UI_Time_Draw
                0x08001e8c      0x168 ./Core/Src/UI/UI_SetTime.o
                0x08001e8c                UI_Time_Draw
 .text.update_timeStr
                0x08001ff4       0xd0 ./Core/Src/UI/UI_SetTime.o
                0x08001ff4                update_timeStr
 .text.Reset_Handler
                0x080020c4       0x44 ./Core/Startup/startup_stm32f103c6tx.o
                0x080020c4                Reset_Handler
 .text.Default_Handler
                0x08002108        0x2 ./Core/Startup/startup_stm32f103c6tx.o
                0x08002108                EXTI2_IRQHandler
                0x08002108                TIM1_CC_IRQHandler
                0x08002108                PVD_IRQHandler
                0x08002108                EXTI3_IRQHandler
                0x08002108                EXTI0_IRQHandler
                0x08002108                SPI1_IRQHandler
                0x08002108                TAMPER_IRQHandler
                0x08002108                DMA1_Channel4_IRQHandler
                0x08002108                DMA1_Channel7_IRQHandler
                0x08002108                CAN1_RX1_IRQHandler
                0x08002108                I2C1_EV_IRQHandler
                0x08002108                DMA1_Channel6_IRQHandler
                0x08002108                TIM3_IRQHandler
                0x08002108                RCC_IRQHandler
                0x08002108                TIM1_TRG_COM_IRQHandler
                0x08002108                DMA1_Channel1_IRQHandler
                0x08002108                Default_Handler
                0x08002108                EXTI15_10_IRQHandler
                0x08002108                EXTI9_5_IRQHandler
                0x08002108                DMA1_Channel5_IRQHandler
                0x08002108                EXTI4_IRQHandler
                0x08002108                USB_LP_CAN1_RX0_IRQHandler
                0x08002108                USB_HP_CAN1_TX_IRQHandler
                0x08002108                DMA1_Channel3_IRQHandler
                0x08002108                TIM1_UP_IRQHandler
                0x08002108                WWDG_IRQHandler
                0x08002108                TIM2_IRQHandler
                0x08002108                TIM1_BRK_IRQHandler
                0x08002108                EXTI1_IRQHandler
                0x08002108                USART2_IRQHandler
                0x08002108                DMA1_Channel2_IRQHandler
                0x08002108                CAN1_SCE_IRQHandler
                0x08002108                FLASH_IRQHandler
                0x08002108                USART1_IRQHandler
                0x08002108                I2C1_ER_IRQHandler
                0x08002108                USBWakeUp_IRQHandler
 *fill*         0x0800210a        0x2 
 .text.HAL_Init
                0x0800210c       0x2c ./Drivers/STM32F1xx_HAL_Driver/Src/stm32f1xx_hal.o
                0x0800210c                HAL_Init
 .text.HAL_InitTick
                0x08002138       0x60 ./Drivers/STM32F1xx_HAL_Driver/Src/stm32f1xx_hal.o
                0x08002138                HAL_InitTick
 .text.HAL_IncTick
                0x08002198       0x24 ./Drivers/STM32F1xx_HAL_Driver/Src/stm32f1xx_hal.o
                0x08002198                HAL_IncTick
 .text.HAL_GetTick
                0x080021bc       0x14 ./Drivers/STM32F1xx_HAL_Driver/Src/stm32f1xx_hal.o
                0x080021bc                HAL_GetTick
 .text.HAL_Delay
                0x080021d0       0x48 ./Drivers/STM32F1xx_HAL_Driver/Src/stm32f1xx_hal.o
                0x080021d0                HAL_Delay
 .text.HAL_ADC_Init
                0x08002218      0x1b0 ./Drivers/STM32F1xx_HAL_Driver/Src/stm32f1xx_hal_adc.o
                0x08002218                HAL_ADC_Init
 .text.HAL_ADC_Start_IT
                0x080023c8      0x16c ./Drivers/STM32F1xx_HAL_Driver/Src/stm32f1xx_hal_adc.o
                0x080023c8                HAL_ADC_Start_IT
 .text.HAL_ADC_Stop_IT
                0x08002534       0x68 ./Drivers/STM32F1xx_HAL_Driver/Src/stm32f1xx_hal_adc.o
                0x08002534                HAL_ADC_Stop_IT
 .text.HAL_ADC_GetValue
                0x0800259c       0x18 ./Drivers/STM32F1xx_HAL_Driver/Src/stm32f1xx_hal_adc.o
                0x0800259c                HAL_ADC_GetValue
 .text.HAL_ADC_IRQHandler
                0x080025b4      0x17e ./Drivers/STM32F1xx_HAL_Driver/Src/stm32f1xx_hal_adc.o
                0x080025b4                HAL_ADC_IRQHandler
 .text.HAL_ADC_ConvCpltCallback
                0x08002732       0x12 ./Drivers/STM32F1xx_HAL_Driver/Src/stm32f1xx_hal_adc.o
                0x08002732                HAL_ADC_ConvCpltCallback
 .text.HAL_ADC_LevelOutOfWindowCallback
                0x08002744       0x12 ./Drivers/STM32F1xx_HAL_Driver/Src/stm32f1xx_hal_adc.o
                0x08002744                HAL_ADC_LevelOutOfWindowCallback
 *fill*         0x08002756        0x2 
 .text.HAL_ADC_ConfigChannel
                0x08002758      0x1f0 ./Drivers/STM32F1xx_HAL_Driver/Src/stm32f1xx_hal_adc.o
                0x08002758                HAL_ADC_ConfigChannel
 .text.ADC_Enable
                0x08002948       0xb4 ./Drivers/STM32F1xx_HAL_Driver/Src/stm32f1xx_hal_adc.o
                0x08002948                ADC_Enable
 .text.ADC_ConversionStop_Disable
                0x080029fc       0x82 ./Drivers/STM32F1xx_HAL_Driver/Src/stm32f1xx_hal_adc.o
                0x080029fc                ADC_ConversionStop_Disable
 *fill*         0x08002a7e        0x2 
 .text.HAL_ADCEx_Calibration_Start
                0x08002a80      0x15c ./Drivers/STM32F1xx_HAL_Driver/Src/stm32f1xx_hal_adc_ex.o
                0x08002a80                HAL_ADCEx_Calibration_Start
 .text.HAL_ADCEx_InjectedGetValue
                0x08002bdc       0x5c ./Drivers/STM32F1xx_HAL_Driver/Src/stm32f1xx_hal_adc_ex.o
                0x08002bdc                HAL_ADCEx_InjectedGetValue
 .text.HAL_ADCEx_InjectedConvCpltCallback
                0x08002c38       0x12 ./Drivers/STM32F1xx_HAL_Driver/Src/stm32f1xx_hal_adc_ex.o
                0x08002c38                HAL_ADCEx_InjectedConvCpltCallback
 *fill*         0x08002c4a        0x2 
 .text.HAL_ADCEx_InjectedConfigChannel
                0x08002c4c      0x334 ./Drivers/STM32F1xx_HAL_Driver/Src/stm32f1xx_hal_adc_ex.o
                0x08002c4c                HAL_ADCEx_InjectedConfigChannel
 .text.__NVIC_SetPriorityGrouping
                0x08002f80       0x48 ./Drivers/STM32F1xx_HAL_Driver/Src/stm32f1xx_hal_cortex.o
 .text.__NVIC_GetPriorityGrouping
                0x08002fc8       0x1c ./Drivers/STM32F1xx_HAL_Driver/Src/stm32f1xx_hal_cortex.o
 .text.__NVIC_EnableIRQ
                0x08002fe4       0x38 ./Drivers/STM32F1xx_HAL_Driver/Src/stm32f1xx_hal_cortex.o
 .text.__NVIC_SetPriority
                0x0800301c       0x54 ./Drivers/STM32F1xx_HAL_Driver/Src/stm32f1xx_hal_cortex.o
 .text.NVIC_EncodePriority
                0x08003070       0x64 ./Drivers/STM32F1xx_HAL_Driver/Src/stm32f1xx_hal_cortex.o
 .text.SysTick_Config
                0x080030d4       0x44 ./Drivers/STM32F1xx_HAL_Driver/Src/stm32f1xx_hal_cortex.o
 .text.HAL_NVIC_SetPriorityGrouping
                0x08003118       0x16 ./Drivers/STM32F1xx_HAL_Driver/Src/stm32f1xx_hal_cortex.o
                0x08003118                HAL_NVIC_SetPriorityGrouping
 .text.HAL_NVIC_SetPriority
                0x0800312e       0x38 ./Drivers/STM32F1xx_HAL_Driver/Src/stm32f1xx_hal_cortex.o
                0x0800312e                HAL_NVIC_SetPriority
 .text.HAL_NVIC_EnableIRQ
                0x08003166       0x1c ./Drivers/STM32F1xx_HAL_Driver/Src/stm32f1xx_hal_cortex.o
                0x08003166                HAL_NVIC_EnableIRQ
 .text.HAL_SYSTICK_Config
                0x08003182       0x18 ./Drivers/STM32F1xx_HAL_Driver/Src/stm32f1xx_hal_cortex.o
                0x08003182                HAL_SYSTICK_Config
 .text.HAL_SYSTICK_IRQHandler
                0x0800319a        0xc ./Drivers/STM32F1xx_HAL_Driver/Src/stm32f1xx_hal_cortex.o
                0x0800319a                HAL_SYSTICK_IRQHandler
 .text.HAL_SYSTICK_Callback
                0x080031a6        0xc ./Drivers/STM32F1xx_HAL_Driver/Src/stm32f1xx_hal_cortex.o
                0x080031a6                HAL_SYSTICK_Callback
 *fill*         0x080031b2        0x2 
 .text.HAL_GPIO_Init
                0x080031b4      0x2f8 ./Drivers/STM32F1xx_HAL_Driver/Src/stm32f1xx_hal_gpio.o
                0x080031b4                HAL_GPIO_Init
 .text.HAL_GPIO_ReadPin
                0x080034ac       0x2e ./Drivers/STM32F1xx_HAL_Driver/Src/stm32f1xx_hal_gpio.o
                0x080034ac                HAL_GPIO_ReadPin
 .text.HAL_GPIO_WritePin
                0x080034da       0x30 ./Drivers/STM32F1xx_HAL_Driver/Src/stm32f1xx_hal_gpio.o
                0x080034da                HAL_GPIO_WritePin
 .text.HAL_GPIO_TogglePin
                0x0800350a       0x32 ./Drivers/STM32F1xx_HAL_Driver/Src/stm32f1xx_hal_gpio.o
                0x0800350a                HAL_GPIO_TogglePin
 .text.HAL_PWR_EnableBkUpAccess
                0x0800353c       0x18 ./Drivers/STM32F1xx_HAL_Driver/Src/stm32f1xx_hal_pwr.o
                0x0800353c                HAL_PWR_EnableBkUpAccess
 .text.HAL_RCC_OscConfig
                0x08003554      0x504 ./Drivers/STM32F1xx_HAL_Driver/Src/stm32f1xx_hal_rcc.o
                0x08003554                HAL_RCC_OscConfig
 .text.HAL_RCC_ClockConfig
                0x08003a58      0x1d4 ./Drivers/STM32F1xx_HAL_Driver/Src/stm32f1xx_hal_rcc.o
                0x08003a58                HAL_RCC_ClockConfig
 .text.HAL_RCC_GetSysClockFreq
                0x08003c2c       0xa8 ./Drivers/STM32F1xx_HAL_Driver/Src/stm32f1xx_hal_rcc.o
                0x08003c2c                HAL_RCC_GetSysClockFreq
 .text.HAL_RCC_GetHCLKFreq
                0x08003cd4       0x14 ./Drivers/STM32F1xx_HAL_Driver/Src/stm32f1xx_hal_rcc.o
                0x08003cd4                HAL_RCC_GetHCLKFreq
 .text.HAL_RCC_GetPCLK2Freq
                0x08003ce8       0x28 ./Drivers/STM32F1xx_HAL_Driver/Src/stm32f1xx_hal_rcc.o
                0x08003ce8                HAL_RCC_GetPCLK2Freq
 .text.RCC_Delay
                0x08003d10       0x3c ./Drivers/STM32F1xx_HAL_Driver/Src/stm32f1xx_hal_rcc.o
 .text.HAL_RCCEx_PeriphCLKConfig
                0x08003d4c      0x16c ./Drivers/STM32F1xx_HAL_Driver/Src/stm32f1xx_hal_rcc_ex.o
                0x08003d4c                HAL_RCCEx_PeriphCLKConfig
 .text.HAL_RCCEx_GetPeriphCLKFreq
                0x08003eb8      0x16c ./Drivers/STM32F1xx_HAL_Driver/Src/stm32f1xx_hal_rcc_ex.o
                0x08003eb8                HAL_RCCEx_GetPeriphCLKFreq
 .text.HAL_RTC_Init
                0x08004024      0x118 ./Drivers/STM32F1xx_HAL_Driver/Src/stm32f1xx_hal_rtc.o
                0x08004024                HAL_RTC_Init
 .text.HAL_RTC_SetTime
                0x0800413c      0x12e ./Drivers/STM32F1xx_HAL_Driver/Src/stm32f1xx_hal_rtc.o
                0x0800413c                HAL_RTC_SetTime
 *fill*         0x0800426a        0x2 
 .text.HAL_RTC_GetTime
                0x0800426c      0x1b0 ./Drivers/STM32F1xx_HAL_Driver/Src/stm32f1xx_hal_rtc.o
                0x0800426c                HAL_RTC_GetTime
 .text.HAL_RTC_SetDate
                0x0800441c      0x16c ./Drivers/STM32F1xx_HAL_Driver/Src/stm32f1xx_hal_rtc.o
                0x0800441c                HAL_RTC_SetDate
 .text.HAL_RTC_GetDate
                0x08004588       0xa8 ./Drivers/STM32F1xx_HAL_Driver/Src/stm32f1xx_hal_rtc.o
                0x08004588                HAL_RTC_GetDate
 .text.HAL_RTC_AlarmIRQHandler
                0x08004630       0x54 ./Drivers/STM32F1xx_HAL_Driver/Src/stm32f1xx_hal_rtc.o
                0x08004630                HAL_RTC_AlarmIRQHandler
 .text.HAL_RTC_AlarmAEventCallback
                0x08004684       0x12 ./Drivers/STM32F1xx_HAL_Driver/Src/stm32f1xx_hal_rtc.o
                0x08004684                HAL_RTC_AlarmAEventCallback
 .text.HAL_RTC_WaitForSynchro
                0x08004696       0x5a ./Drivers/STM32F1xx_HAL_Driver/Src/stm32f1xx_hal_rtc.o
                0x08004696                HAL_RTC_WaitForSynchro
 .text.RTC_ReadTimeCounter
                0x080046f0       0x60 ./Drivers/STM32F1xx_HAL_Driver/Src/stm32f1xx_hal_rtc.o
 .text.RTC_WriteTimeCounter
                0x08004750       0x4e ./Drivers/STM32F1xx_HAL_Driver/Src/stm32f1xx_hal_rtc.o
 .text.RTC_ReadAlarmCounter
                0x0800479e       0x32 ./Drivers/STM32F1xx_HAL_Driver/Src/stm32f1xx_hal_rtc.o
 .text.RTC_WriteAlarmCounter
                0x080047d0       0x4e ./Drivers/STM32F1xx_HAL_Driver/Src/stm32f1xx_hal_rtc.o
 .text.RTC_EnterInitMode
                0x0800481e       0x50 ./Drivers/STM32F1xx_HAL_Driver/Src/stm32f1xx_hal_rtc.o
 .text.RTC_ExitInitMode
                0x0800486e       0x50 ./Drivers/STM32F1xx_HAL_Driver/Src/stm32f1xx_hal_rtc.o
 .text.RTC_ByteToBcd2
                0x080048be       0x3a ./Drivers/STM32F1xx_HAL_Driver/Src/stm32f1xx_hal_rtc.o
 .text.RTC_Bcd2ToByte
                0x080048f8       0x3a ./Drivers/STM32F1xx_HAL_Driver/Src/stm32f1xx_hal_rtc.o
 .text.RTC_DateUpdate
                0x08004932      0x152 ./Drivers/STM32F1xx_HAL_Driver/Src/stm32f1xx_hal_rtc.o
 .text.RTC_IsLeapYear
                0x08004a84       0x64 ./Drivers/STM32F1xx_HAL_Driver/Src/stm32f1xx_hal_rtc.o
 .text.RTC_WeekDayNum
                0x08004ae8       0xf0 ./Drivers/STM32F1xx_HAL_Driver/Src/stm32f1xx_hal_rtc.o
 .text.HAL_RTCEx_RTCIRQHandler
                0x08004bd8       0x6e ./Drivers/STM32F1xx_HAL_Driver/Src/stm32f1xx_hal_rtc_ex.o
                0x08004bd8                HAL_RTCEx_RTCIRQHandler
 .text.HAL_RTCEx_RTCEventCallback
                0x08004c46       0x12 ./Drivers/STM32F1xx_HAL_Driver/Src/stm32f1xx_hal_rtc_ex.o
                0x08004c46                HAL_RTCEx_RTCEventCallback
 .text.HAL_RTCEx_RTCEventErrorCallback
                0x08004c58       0x12 ./Drivers/STM32F1xx_HAL_Driver/Src/stm32f1xx_hal_rtc_ex.o
                0x08004c58                HAL_RTCEx_RTCEventErrorCallback
 *fill*         0x08004c6a        0x2 
 .text.HAL_RTCEx_BKUPWrite
                0x08004c6c       0x34 ./Drivers/STM32F1xx_HAL_Driver/Src/stm32f1xx_hal_rtc_ex.o
                0x08004c6c                HAL_RTCEx_BKUPWrite
 .text.HAL_RTCEx_BKUPRead
                0x08004ca0       0x38 ./Drivers/STM32F1xx_HAL_Driver/Src/stm32f1xx_hal_rtc_ex.o
                0x08004ca0                HAL_RTCEx_BKUPRead
 .text.HAL_SPI_Init
                0x08004cd8      0x108 ./Drivers/STM32F1xx_HAL_Driver/Src/stm32f1xx_hal_spi.o
                0x08004cd8                HAL_SPI_Init
 .text.HAL_SPI_Transmit
                0x08004de0      0x288 ./Drivers/STM32F1xx_HAL_Driver/Src/stm32f1xx_hal_spi.o
                0x08004de0                HAL_SPI_Transmit
 .text.SPI_WaitFlagStateUntilTimeout
                0x08005068      0x110 ./Drivers/STM32F1xx_HAL_Driver/Src/stm32f1xx_hal_spi.o
 .text.SPI_EndRxTxTransaction
                0x08005178       0x62 ./Drivers/STM32F1xx_HAL_Driver/Src/stm32f1xx_hal_spi.o
 .text.memset   0x080051da       0x10 /opt/stm32cubeide/plugins/com.st.stm32cube.ide.mcu.externaltools.gnu-tools-for-stm32.13.3.rel1.linux64_1.0.0.202410170706/tools/bin/../lib/gcc/arm-none-eabi/13.3.1/../../../../arm-none-eabi/lib/thumb/v7-m/nofp/libc_nano.a(libc_a-memset.o)
                0x080051da                memset
 *fill*         0x080051ea        0x2 
 .text.__errno  0x080051ec        0xc /opt/stm32cubeide/plugins/com.st.stm32cube.ide.mcu.externaltools.gnu-tools-for-stm32.13.3.rel1.linux64_1.0.0.202410170706/tools/bin/../lib/gcc/arm-none-eabi/13.3.1/../../../../arm-none-eabi/lib/thumb/v7-m/nofp/libc_nano.a(libc_a-errno.o)
                0x080051ec                __errno
 .text.__libc_init_array
                0x080051f8       0x48 /opt/stm32cubeide/plugins/com.st.stm32cube.ide.mcu.externaltools.gnu-tools-for-stm32.13.3.rel1.linux64_1.0.0.202410170706/tools/bin/../lib/gcc/arm-none-eabi/13.3.1/../../../../arm-none-eabi/lib/thumb/v7-m/nofp/libc_nano.a(libc_a-init.o)
                0x080051f8                __libc_init_array
 .text.logf     0x08005240       0x50 /opt/stm32cubeide/plugins/com.st.stm32cube.ide.mcu.externaltools.gnu-tools-for-stm32.13.3.rel1.linux64_1.0.0.202410170706/tools/bin/../lib/gcc/arm-none-eabi/13.3.1/../../../../arm-none-eabi/lib/thumb/v7-m/nofp/libm.a(libm_a-wf_log.o)
                0x08005240                logf
 .text.nanf     0x08005290        0x8 /opt/stm32cubeide/plugins/com.st.stm32cube.ide.mcu.externaltools.gnu-tools-for-stm32.13.3.rel1.linux64_1.0.0.202410170706/tools/bin/../lib/gcc/arm-none-eabi/13.3.1/../../../../arm-none-eabi/lib/thumb/v7-m/nofp/libm.a(libm_a-sf_nan.o)
                0x08005290                nanf
 .text.__ieee754_logf
                0x08005298      0x25c /opt/stm32cubeide/plugins/com.st.stm32cube.ide.mcu.externaltools.gnu-tools-for-stm32.13.3.rel1.linux64_1.0.0.202410170706/tools/bin/../lib/gcc/arm-none-eabi/13.3.1/../../../../arm-none-eabi/lib/thumb/v7-m/nofp/libm.a(libm_a-ef_log.o)
                0x08005298                __ieee754_logf
 *(.glue_7)
 .glue_7        0x080054f4        0x0 linker stubs
 *(.glue_7t)
 .glue_7t       0x080054f4        0x0 linker stubs
 *(.eh_frame)
 .eh_frame      0x080054f4        0x0 /opt/stm32cubeide/plugins/com.st.stm32cube.ide.mcu.externaltools.gnu-tools-for-stm32.13.3.rel1.linux64_1.0.0.202410170706/tools/bin/../lib/gcc/arm-none-eabi/13.3.1/thumb/v7-m/nofp/crtbegin.o
 *(.init)
 .init          0x080054f4        0x4 /opt/stm32cubeide/plugins/com.st.stm32cube.ide.mcu.externaltools.gnu-tools-for-stm32.13.3.rel1.linux64_1.0.0.202410170706/tools/bin/../lib/gcc/arm-none-eabi/13.3.1/thumb/v7-m/nofp/crti.o
                0x080054f4                _init
 .init          0x080054f8        0x8 /opt/stm32cubeide/plugins/com.st.stm32cube.ide.mcu.externaltools.gnu-tools-for-stm32.13.3.rel1.linux64_1.0.0.202410170706/tools/bin/../lib/gcc/arm-none-eabi/13.3.1/thumb/v7-m/nofp/crtn.o
 *(.fini)
 .fini          0x08005500        0x4 /opt/stm32cubeide/plugins/com.st.stm32cube.ide.mcu.externaltools.gnu-tools-for-stm32.13.3.rel1.linux64_1.0.0.202410170706/tools/bin/../lib/gcc/arm-none-eabi/13.3.1/thumb/v7-m/nofp/crti.o
                0x08005500                _fini
 .fini          0x08005504        0x8 /opt/stm32cubeide/plugins/com.st.stm32cube.ide.mcu.externaltools.gnu-tools-for-stm32.13.3.rel1.linux64_1.0.0.202410170706/tools/bin/../lib/gcc/arm-none-eabi/13.3.1/thumb/v7-m/nofp/crtn.o
                0x0800550c                        . = ALIGN (0x4)
                0x0800550c                        _etext = .

.vfp11_veneer   0x0800550c        0x0
 .vfp11_veneer  0x0800550c        0x0 linker stubs

.v4_bx          0x0800550c        0x0
 .v4_bx         0x0800550c        0x0 linker stubs

.iplt           0x0800550c        0x0
 .iplt          0x0800550c        0x0 /opt/stm32cubeide/plugins/com.st.stm32cube.ide.mcu.externaltools.gnu-tools-for-stm32.13.3.rel1.linux64_1.0.0.202410170706/tools/bin/../lib/gcc/arm-none-eabi/13.3.1/thumb/v7-m/nofp/crtbegin.o

.rodata         0x0800550c       0xb0
                0x0800550c                        . = ALIGN (0x4)
 *(.rodata)
 .rodata        0x0800550c       0x1c ./Core/Src/RTCManager.o
 .rodata        0x08005528       0x42 ./Core/Src/UIManager.o
 *fill*         0x0800556a        0x2 
 .rodata        0x0800556c        0x4 ./Core/Src/main.o
 .rodata        0x08005570        0xc ./Core/Src/UI/UI_SetTime.o
 *(.rodata*)
 .rodata.AHBPrescTable
                0x0800557c       0x10 ./Core/Src/system_stm32f1xx.o
                0x0800557c                AHBPrescTable
 .rodata.APBPrescTable
                0x0800558c        0x8 ./Core/Src/system_stm32f1xx.o
                0x0800558c                APBPrescTable
 .rodata.aPLLMULFactorTable.1
                0x08005594       0x10 ./Drivers/STM32F1xx_HAL_Driver/Src/stm32f1xx_hal_rcc.o
 .rodata.aPredivFactorTable.0
                0x080055a4        0x2 ./Drivers/STM32F1xx_HAL_Driver/Src/stm32f1xx_hal_rcc.o
 *fill*         0x080055a6        0x2 
 .rodata.aPLLMULFactorTable.1
                0x080055a8       0x10 ./Drivers/STM32F1xx_HAL_Driver/Src/stm32f1xx_hal_rcc_ex.o
 .rodata.aPredivFactorTable.0
                0x080055b8        0x2 ./Drivers/STM32F1xx_HAL_Driver/Src/stm32f1xx_hal_rcc_ex.o
 .rodata.logf.str1.1
                0x080055ba        0x1 /opt/stm32cubeide/plugins/com.st.stm32cube.ide.mcu.externaltools.gnu-tools-for-stm32.13.3.rel1.linux64_1.0.0.202410170706/tools/bin/../lib/gcc/arm-none-eabi/13.3.1/../../../../arm-none-eabi/lib/thumb/v7-m/nofp/libm.a(libm_a-wf_log.o)
                0x080055bc                        . = ALIGN (0x4)
 *fill*         0x080055bb        0x1 

.ARM.extab      0x080055bc        0x0
                0x080055bc                        . = ALIGN (0x4)
 *(.ARM.extab* .gnu.linkonce.armextab.*)
                0x080055bc                        . = ALIGN (0x4)

.ARM            0x080055bc        0x0
                0x080055bc                        . = ALIGN (0x4)
                0x080055bc                        __exidx_start = .
 *(.ARM.exidx*)
                0x080055bc                        __exidx_end = .
                0x080055bc                        . = ALIGN (0x4)

.preinit_array  0x080055bc        0x0
                0x080055bc                        . = ALIGN (0x4)
                0x080055bc                        PROVIDE (__preinit_array_start = .)
 *(.preinit_array*)
                0x080055bc                        PROVIDE (__preinit_array_end = .)
                0x080055bc                        . = ALIGN (0x4)

.init_array     0x080055bc        0x4
                0x080055bc                        . = ALIGN (0x4)
                0x080055bc                        PROVIDE (__init_array_start = .)
 *(SORT_BY_NAME(.init_array.*))
 *(.init_array*)
 .init_array    0x080055bc        0x4 /opt/stm32cubeide/plugins/com.st.stm32cube.ide.mcu.externaltools.gnu-tools-for-stm32.13.3.rel1.linux64_1.0.0.202410170706/tools/bin/../lib/gcc/arm-none-eabi/13.3.1/thumb/v7-m/nofp/crtbegin.o
                0x080055c0                        PROVIDE (__init_array_end = .)
                0x080055c0                        . = ALIGN (0x4)

.fini_array     0x080055c0        0x4
                0x080055c0                        . = ALIGN (0x4)
                [!provide]                        PROVIDE (__fini_array_start = .)
 *(SORT_BY_NAME(.fini_array.*))
 *(.fini_array*)
 .fini_array    0x080055c0        0x4 /opt/stm32cubeide/plugins/com.st.stm32cube.ide.mcu.externaltools.gnu-tools-for-stm32.13.3.rel1.linux64_1.0.0.202410170706/tools/bin/../lib/gcc/arm-none-eabi/13.3.1/thumb/v7-m/nofp/crtbegin.o
                [!provide]                        PROVIDE (__fini_array_end = .)
                0x080055c4                        . = ALIGN (0x4)
                0x080055c4                        _sidata = LOADADDR (.data)

.rel.dyn        0x080055c4        0x0
 .rel.iplt      0x080055c4        0x0 /opt/stm32cubeide/plugins/com.st.stm32cube.ide.mcu.externaltools.gnu-tools-for-stm32.13.3.rel1.linux64_1.0.0.202410170706/tools/bin/../lib/gcc/arm-none-eabi/13.3.1/thumb/v7-m/nofp/crtbegin.o

.data           0x20000000      0x4ac load address 0x080055c4
                0x20000000                        . = ALIGN (0x4)
                0x20000000                        _sdata = .
 *(.data)
 *(.data*)
 .data.last_state_btnup
                0x20000000        0x1 ./Core/Src/ButtonManager.o
 .data.last_state_btndown
                0x20000001        0x1 ./Core/Src/ButtonManager.o
 *fill*         0x20000002        0x2 
 .data.weekDays
                0x20000004       0x1c ./Core/Src/RTCManager.o
 .data.currentScreen
                0x20000020        0x1 ./Core/Src/UIManager.o
 .data.is_lcd_led_on
                0x20000021        0x1 ./Core/Src/UIManager.o
 .data.dataFormat
                0x20000022        0x1 ./Core/Src/UIManager.o
 *fill*         0x20000023        0x1 
 .data.list_menu
                0x20000024       0x28 ./Core/Src/UIManager.o
                0x20000024                list_menu
 .data.menuSize
                0x2000004c        0x1 ./Core/Src/UIManager.o
 *fill*         0x2000004d        0x3 
 .data.font8x8_basic
                0x20000050      0x400 ./Core/Src/display.o
                0x20000050                font8x8_basic
 .data.SystemCoreClock
                0x20000450        0x4 ./Core/Src/system_stm32f1xx.o
                0x20000450                SystemCoreClock
 .data.uwTickPrio
                0x20000454        0x4 ./Drivers/STM32F1xx_HAL_Driver/Src/stm32f1xx_hal.o
                0x20000454                uwTickPrio
 .data.uwTickFreq
                0x20000458        0x1 ./Drivers/STM32F1xx_HAL_Driver/Src/stm32f1xx_hal.o
                0x20000458                uwTickFreq
 *fill*         0x20000459        0x3 
 .data._impure_ptr
                0x2000045c        0x4 /opt/stm32cubeide/plugins/com.st.stm32cube.ide.mcu.externaltools.gnu-tools-for-stm32.13.3.rel1.linux64_1.0.0.202410170706/tools/bin/../lib/gcc/arm-none-eabi/13.3.1/../../../../arm-none-eabi/lib/thumb/v7-m/nofp/libc_nano.a(libc_a-impure.o)
                0x2000045c                _impure_ptr
 .data._impure_data
                0x20000460       0x4c /opt/stm32cubeide/plugins/com.st.stm32cube.ide.mcu.externaltools.gnu-tools-for-stm32.13.3.rel1.linux64_1.0.0.202410170706/tools/bin/../lib/gcc/arm-none-eabi/13.3.1/../../../../arm-none-eabi/lib/thumb/v7-m/nofp/libc_nano.a(libc_a-impure.o)
                0x20000460                _impure_data
 *(.RamFunc)
 *(.RamFunc*)
                0x200004ac                        . = ALIGN (0x4)
                0x200004ac                        _edata = .

.igot.plt       0x200004ac        0x0 load address 0x08005a70
 .igot.plt      0x200004ac        0x0 /opt/stm32cubeide/plugins/com.st.stm32cube.ide.mcu.externaltools.gnu-tools-for-stm32.13.3.rel1.linux64_1.0.0.202410170706/tools/bin/../lib/gcc/arm-none-eabi/13.3.1/thumb/v7-m/nofp/crtbegin.o
                0x200004ac                        . = ALIGN (0x4)

.bss            0x200004ac      0x658 load address 0x08005a70
                0x200004ac                        _sbss = .
                0x200004ac                        __bss_start__ = _sbss
 *(.bss)
 .bss           0x200004ac       0x1c /opt/stm32cubeide/plugins/com.st.stm32cube.ide.mcu.externaltools.gnu-tools-for-stm32.13.3.rel1.linux64_1.0.0.202410170706/tools/bin/../lib/gcc/arm-none-eabi/13.3.1/thumb/v7-m/nofp/crtbegin.o
 *(.bss*)
 .bss.press_tick_btnup
                0x200004c8        0x1 ./Core/Src/ButtonManager.o
 .bss.press_tick_btndown
                0x200004c9        0x1 ./Core/Src/ButtonManager.o
 *fill*         0x200004ca        0x2 
 .bss.timeStr   0x200004cc        0x9 ./Core/Src/UIManager.o
 *fill*         0x200004d5        0x3 
 .bss.dateStr   0x200004d8        0xd ./Core/Src/UIManager.o
 *fill*         0x200004e5        0x3 
 .bss.tempC     0x200004e8       0x10 ./Core/Src/UIManager.o
 .bss.vbat      0x200004f8        0x4 ./Core/Src/UIManager.o
 .bss.battery_level
                0x200004fc        0x2 ./Core/Src/UIManager.o
 *fill*         0x200004fe        0x2 
 .bss.batStr    0x20000500        0x8 ./Core/Src/UIManager.o
 .bss.currentMenuIndex
                0x20000508        0x1 ./Core/Src/UIManager.o
 *fill*         0x20000509        0x3 
 .bss.lcd_buffer
                0x2000050c      0x400 ./Core/Src/display.o
 .bss.hadc1     0x2000090c       0x30 ./Core/Src/main.o
                0x2000090c                hadc1
 .bss.hrtc      0x2000093c       0x14 ./Core/Src/main.o
                0x2000093c                hrtc
 .bss.hspi1     0x20000950       0x58 ./Core/Src/main.o
                0x20000950                hspi1
 .bss.rtc_tick  0x200009a8        0x1 ./Core/Src/main.o
                0x200009a8                rtc_tick
 *fill*         0x200009a9        0x3 
 .bss.clkTime   0x200009ac        0x3 ./Core/Src/main.o
                0x200009ac                clkTime
 *fill*         0x200009af        0x1 
 .bss.clkDate   0x200009b0        0x4 ./Core/Src/main.o
                0x200009b0                clkDate
 .bss.adc1_tick
                0x200009b4        0x1 ./Core/Src/main.o
                0x200009b4                adc1_tick
 *fill*         0x200009b5        0x1 
 .bss._vref     0x200009b6        0x2 ./Core/Src/main.o
                0x200009b6                _vref
 .bss.adc1_value_battery
                0x200009b8        0x2 ./Core/Src/main.o
                0x200009b8                adc1_value_battery
 .bss.adc1_value_thermistor
                0x200009ba        0x2 ./Core/Src/main.o
                0x200009ba                adc1_value_thermistor
 .bss.hours     0x200009bc        0x1 ./Core/Src/UI/UI_SetTime.o
                0x200009bc                hours
 .bss.minutes   0x200009bd        0x1 ./Core/Src/UI/UI_SetTime.o
                0x200009bd                minutes
 .bss.sec       0x200009be        0x1 ./Core/Src/UI/UI_SetTime.o
                0x200009be                sec
 .bss.t         0x200009bf        0x1 ./Core/Src/UI/UI_SetTime.o
                0x200009bf                t
 .bss.timeStr   0x200009c0        0x8 ./Core/Src/UI/UI_SetTime.o
                0x200009c0                timeStr
 .bss.uwTick    0x200009c8        0x4 ./Drivers/STM32F1xx_HAL_Driver/Src/stm32f1xx_hal.o
                0x200009c8                uwTick
 .bss.__sf      0x200009cc      0x138 /opt/stm32cubeide/plugins/com.st.stm32cube.ide.mcu.externaltools.gnu-tools-for-stm32.13.3.rel1.linux64_1.0.0.202410170706/tools/bin/../lib/gcc/arm-none-eabi/13.3.1/../../../../arm-none-eabi/lib/thumb/v7-m/nofp/libc_nano.a(libc_a-findfp.o)
                0x200009cc                __sf
 *(COMMON)
                0x20000b04                        . = ALIGN (0x4)
                0x20000b04                        _ebss = .
                0x20000b04                        __bss_end__ = _ebss

._user_heap_stack
                0x20000b04      0x604 load address 0x08005a70
                0x20000b08                        . = ALIGN (0x8)
 *fill*         0x20000b04        0x4 
                [!provide]                        PROVIDE (end = .)
                0x20000b08                        PROVIDE (_end = .)
                0x20000d08                        . = (. + _Min_Heap_Size)
 *fill*         0x20000b08      0x200 
                0x20001108                        . = (. + _Min_Stack_Size)
 *fill*         0x20000d08      0x400 
                0x20001108                        . = ALIGN (0x8)

/DISCARD/
 libc.a(*)
 libm.a(*)
 libgcc.a(*)

.ARM.attributes
                0x00000000       0x29
 *(.ARM.attributes)
 .ARM.attributes
                0x00000000       0x1d /opt/stm32cubeide/plugins/com.st.stm32cube.ide.mcu.externaltools.gnu-tools-for-stm32.13.3.rel1.linux64_1.0.0.202410170706/tools/bin/../lib/gcc/arm-none-eabi/13.3.1/thumb/v7-m/nofp/crti.o
 .ARM.attributes
                0x0000001d       0x2d /opt/stm32cubeide/plugins/com.st.stm32cube.ide.mcu.externaltools.gnu-tools-for-stm32.13.3.rel1.linux64_1.0.0.202410170706/tools/bin/../lib/gcc/arm-none-eabi/13.3.1/thumb/v7-m/nofp/crtbegin.o
 .ARM.attributes
                0x0000004a       0x2d ./Core/Src/Battery.o
 .ARM.attributes
                0x00000077       0x2d ./Core/Src/ButtonManager.o
 .ARM.attributes
                0x000000a4       0x2d ./Core/Src/RTCManager.o
 .ARM.attributes
                0x000000d1       0x2d ./Core/Src/Thermistor.o
 .ARM.attributes
                0x000000fe       0x2d ./Core/Src/UIManager.o
 .ARM.attributes
                0x0000012b       0x2d ./Core/Src/Utils.o
 .ARM.attributes
                0x00000158       0x2d ./Core/Src/display.o
 .ARM.attributes
                0x00000185       0x2d ./Core/Src/main.o
 .ARM.attributes
                0x000001b2       0x2d ./Core/Src/stm32f1xx_hal_msp.o
 .ARM.attributes
                0x000001df       0x2d ./Core/Src/stm32f1xx_it.o
 .ARM.attributes
                0x0000020c       0x2d ./Core/Src/system_stm32f1xx.o
 .ARM.attributes
                0x00000239       0x2d ./Core/Src/UI/UI_SetTime.o
 .ARM.attributes
                0x00000266       0x21 ./Core/Startup/startup_stm32f103c6tx.o
 .ARM.attributes
                0x00000287       0x2d ./Drivers/STM32F1xx_HAL_Driver/Src/stm32f1xx_hal.o
 .ARM.attributes
                0x000002b4       0x2d ./Drivers/STM32F1xx_HAL_Driver/Src/stm32f1xx_hal_adc.o
 .ARM.attributes
                0x000002e1       0x2d ./Drivers/STM32F1xx_HAL_Driver/Src/stm32f1xx_hal_adc_ex.o
 .ARM.attributes
                0x0000030e       0x2d ./Drivers/STM32F1xx_HAL_Driver/Src/stm32f1xx_hal_cortex.o
 .ARM.attributes
                0x0000033b       0x2d ./Drivers/STM32F1xx_HAL_Driver/Src/stm32f1xx_hal_gpio.o
 .ARM.attributes
                0x00000368       0x2d ./Drivers/STM32F1xx_HAL_Driver/Src/stm32f1xx_hal_pwr.o
 .ARM.attributes
                0x00000395       0x2d ./Drivers/STM32F1xx_HAL_Driver/Src/stm32f1xx_hal_rcc.o
 .ARM.attributes
                0x000003c2       0x2d ./Drivers/STM32F1xx_HAL_Driver/Src/stm32f1xx_hal_rcc_ex.o
 .ARM.attributes
                0x000003ef       0x2d ./Drivers/STM32F1xx_HAL_Driver/Src/stm32f1xx_hal_rtc.o
 .ARM.attributes
                0x0000041c       0x2d ./Drivers/STM32F1xx_HAL_Driver/Src/stm32f1xx_hal_rtc_ex.o
 .ARM.attributes
                0x00000449       0x2d ./Drivers/STM32F1xx_HAL_Driver/Src/stm32f1xx_hal_spi.o
 .ARM.attributes
                0x00000476       0x2d /opt/stm32cubeide/plugins/com.st.stm32cube.ide.mcu.externaltools.gnu-tools-for-stm32.13.3.rel1.linux64_1.0.0.202410170706/tools/bin/../lib/gcc/arm-none-eabi/13.3.1/../../../../arm-none-eabi/lib/thumb/v7-m/nofp/libc_nano.a(libc_a-findfp.o)
 .ARM.attributes
                0x000004a3       0x2d /opt/stm32cubeide/plugins/com.st.stm32cube.ide.mcu.externaltools.gnu-tools-for-stm32.13.3.rel1.linux64_1.0.0.202410170706/tools/bin/../lib/gcc/arm-none-eabi/13.3.1/../../../../arm-none-eabi/lib/thumb/v7-m/nofp/libc_nano.a(libc_a-memset.o)
 .ARM.attributes
                0x000004d0       0x2d /opt/stm32cubeide/plugins/com.st.stm32cube.ide.mcu.externaltools.gnu-tools-for-stm32.13.3.rel1.linux64_1.0.0.202410170706/tools/bin/../lib/gcc/arm-none-eabi/13.3.1/../../../../arm-none-eabi/lib/thumb/v7-m/nofp/libc_nano.a(libc_a-impure.o)
 .ARM.attributes
                0x000004fd       0x2d /opt/stm32cubeide/plugins/com.st.stm32cube.ide.mcu.externaltools.gnu-tools-for-stm32.13.3.rel1.linux64_1.0.0.202410170706/tools/bin/../lib/gcc/arm-none-eabi/13.3.1/../../../../arm-none-eabi/lib/thumb/v7-m/nofp/libc_nano.a(libc_a-errno.o)
 .ARM.attributes
                0x0000052a       0x2d /opt/stm32cubeide/plugins/com.st.stm32cube.ide.mcu.externaltools.gnu-tools-for-stm32.13.3.rel1.linux64_1.0.0.202410170706/tools/bin/../lib/gcc/arm-none-eabi/13.3.1/../../../../arm-none-eabi/lib/thumb/v7-m/nofp/libc_nano.a(libc_a-init.o)
 .ARM.attributes
                0x00000557       0x2d /opt/stm32cubeide/plugins/com.st.stm32cube.ide.mcu.externaltools.gnu-tools-for-stm32.13.3.rel1.linux64_1.0.0.202410170706/tools/bin/../lib/gcc/arm-none-eabi/13.3.1/../../../../arm-none-eabi/lib/thumb/v7-m/nofp/libm.a(libm_a-wf_log.o)
 .ARM.attributes
                0x00000584       0x2d /opt/stm32cubeide/plugins/com.st.stm32cube.ide.mcu.externaltools.gnu-tools-for-stm32.13.3.rel1.linux64_1.0.0.202410170706/tools/bin/../lib/gcc/arm-none-eabi/13.3.1/../../../../arm-none-eabi/lib/thumb/v7-m/nofp/libm.a(libm_a-sf_nan.o)
 .ARM.attributes
                0x000005b1       0x2d /opt/stm32cubeide/plugins/com.st.stm32cube.ide.mcu.externaltools.gnu-tools-for-stm32.13.3.rel1.linux64_1.0.0.202410170706/tools/bin/../lib/gcc/arm-none-eabi/13.3.1/../../../../arm-none-eabi/lib/thumb/v7-m/nofp/libm.a(libm_a-ef_log.o)
 .ARM.attributes
                0x000005de       0x1d /opt/stm32cubeide/plugins/com.st.stm32cube.ide.mcu.externaltools.gnu-tools-for-stm32.13.3.rel1.linux64_1.0.0.202410170706/tools/bin/../lib/gcc/arm-none-eabi/13.3.1/thumb/v7-m/nofp/libgcc.a(_arm_addsubsf3.o)
 .ARM.attributes
                0x000005fb       0x1d /opt/stm32cubeide/plugins/com.st.stm32cube.ide.mcu.externaltools.gnu-tools-for-stm32.13.3.rel1.linux64_1.0.0.202410170706/tools/bin/../lib/gcc/arm-none-eabi/13.3.1/thumb/v7-m/nofp/libgcc.a(_arm_muldivsf3.o)
 .ARM.attributes
                0x00000618       0x1d /opt/stm32cubeide/plugins/com.st.stm32cube.ide.mcu.externaltools.gnu-tools-for-stm32.13.3.rel1.linux64_1.0.0.202410170706/tools/bin/../lib/gcc/arm-none-eabi/13.3.1/thumb/v7-m/nofp/libgcc.a(_arm_cmpsf2.o)
 .ARM.attributes
                0x00000635       0x1d /opt/stm32cubeide/plugins/com.st.stm32cube.ide.mcu.externaltools.gnu-tools-for-stm32.13.3.rel1.linux64_1.0.0.202410170706/tools/bin/../lib/gcc/arm-none-eabi/13.3.1/thumb/v7-m/nofp/libgcc.a(_arm_unordsf2.o)
 .ARM.attributes
                0x00000652       0x1d /opt/stm32cubeide/plugins/com.st.stm32cube.ide.mcu.externaltools.gnu-tools-for-stm32.13.3.rel1.linux64_1.0.0.202410170706/tools/bin/../lib/gcc/arm-none-eabi/13.3.1/thumb/v7-m/nofp/libgcc.a(_arm_fixunssfsi.o)
 .ARM.attributes
                0x0000066f       0x1d /opt/stm32cubeide/plugins/com.st.stm32cube.ide.mcu.externaltools.gnu-tools-for-stm32.13.3.rel1.linux64_1.0.0.202410170706/tools/bin/../lib/gcc/arm-none-eabi/13.3.1/thumb/v7-m/nofp/crtn.o
OUTPUT(SWT.elf elf32-littlearm)
LOAD linker stubs
LOAD /opt/stm32cubeide/plugins/com.st.stm32cube.ide.mcu.externaltools.gnu-tools-for-stm32.13.3.rel1.linux64_1.0.0.202410170706/tools/bin/../lib/gcc/arm-none-eabi/13.3.1/../../../../arm-none-eabi/lib/thumb/v7-m/nofp/libc.a
LOAD /opt/stm32cubeide/plugins/com.st.stm32cube.ide.mcu.externaltools.gnu-tools-for-stm32.13.3.rel1.linux64_1.0.0.202410170706/tools/bin/../lib/gcc/arm-none-eabi/13.3.1/../../../../arm-none-eabi/lib/thumb/v7-m/nofp/libm.a
LOAD /opt/stm32cubeide/plugins/com.st.stm32cube.ide.mcu.externaltools.gnu-tools-for-stm32.13.3.rel1.linux64_1.0.0.202410170706/tools/bin/../lib/gcc/arm-none-eabi/13.3.1/thumb/v7-m/nofp/libgcc.a

.debug_info     0x00000000     0xaf4f
 .debug_info    0x00000000       0xde ./Core/Src/Battery.o
 .debug_info    0x000000de      0x282 ./Core/Src/ButtonManager.o
 .debug_info    0x00000360      0x48d ./Core/Src/RTCManager.o
 .debug_info    0x000007ed      0x185 ./Core/Src/Thermistor.o
 .debug_info    0x00000972      0x5e0 ./Core/Src/UIManager.o
 .debug_info    0x00000f52      0x1d8 ./Core/Src/Utils.o
 .debug_info    0x0000112a      0x8d3 ./Core/Src/display.o
 .debug_info    0x000019fd     0x136d ./Core/Src/main.o
 .debug_info    0x00002d6a      0xe69 ./Core/Src/stm32f1xx_hal_msp.o
 .debug_info    0x00003bd3      0x85f ./Core/Src/stm32f1xx_it.o
 .debug_info    0x00004432      0x222 ./Core/Src/system_stm32f1xx.o
 .debug_info    0x00004654      0x26d ./Core/Src/UI/UI_SetTime.o
 .debug_info    0x000048c1       0x30 ./Core/Startup/startup_stm32f103c6tx.o
 .debug_info    0x000048f1      0x6e6 ./Drivers/STM32F1xx_HAL_Driver/Src/stm32f1xx_hal.o
 .debug_info    0x00004fd7      0xc50 ./Drivers/STM32F1xx_HAL_Driver/Src/stm32f1xx_hal_adc.o
 .debug_info    0x00005c27      0xa10 ./Drivers/STM32F1xx_HAL_Driver/Src/stm32f1xx_hal_adc_ex.o
 .debug_info    0x00006637      0xa69 ./Drivers/STM32F1xx_HAL_Driver/Src/stm32f1xx_hal_cortex.o
 .debug_info    0x000070a0      0x5ab ./Drivers/STM32F1xx_HAL_Driver/Src/stm32f1xx_hal_gpio.o
 .debug_info    0x0000764b      0x628 ./Drivers/STM32F1xx_HAL_Driver/Src/stm32f1xx_hal_pwr.o
 .debug_info    0x00007c73      0x7d5 ./Drivers/STM32F1xx_HAL_Driver/Src/stm32f1xx_hal_rcc.o
 .debug_info    0x00008448      0x3c0 ./Drivers/STM32F1xx_HAL_Driver/Src/stm32f1xx_hal_rcc_ex.o
 .debug_info    0x00008808      0xc73 ./Drivers/STM32F1xx_HAL_Driver/Src/stm32f1xx_hal_rtc.o
 .debug_info    0x0000947b      0x6a7 ./Drivers/STM32F1xx_HAL_Driver/Src/stm32f1xx_hal_rtc_ex.o
 .debug_info    0x00009b22     0x142d ./Drivers/STM32F1xx_HAL_Driver/Src/stm32f1xx_hal_spi.o

.debug_abbrev   0x00000000     0x2b13
 .debug_abbrev  0x00000000       0x85 ./Core/Src/Battery.o
 .debug_abbrev  0x00000085      0x11b ./Core/Src/ButtonManager.o
 .debug_abbrev  0x000001a0      0x1d3 ./Core/Src/RTCManager.o
 .debug_abbrev  0x00000373       0xe8 ./Core/Src/Thermistor.o
 .debug_abbrev  0x0000045b      0x213 ./Core/Src/UIManager.o
 .debug_abbrev  0x0000066e       0xde ./Core/Src/Utils.o
 .debug_abbrev  0x0000074c      0x247 ./Core/Src/display.o
 .debug_abbrev  0x00000993      0x2bb ./Core/Src/main.o
 .debug_abbrev  0x00000c4e      0x209 ./Core/Src/stm32f1xx_hal_msp.o
 .debug_abbrev  0x00000e57      0x19b ./Core/Src/stm32f1xx_it.o
 .debug_abbrev  0x00000ff2      0x13f ./Core/Src/system_stm32f1xx.o
 .debug_abbrev  0x00001131      0x17d ./Core/Src/UI/UI_SetTime.o
 .debug_abbrev  0x000012ae       0x24 ./Core/Startup/startup_stm32f103c6tx.o
 .debug_abbrev  0x000012d2      0x201 ./Drivers/STM32F1xx_HAL_Driver/Src/stm32f1xx_hal.o
 .debug_abbrev  0x000014d3      0x225 ./Drivers/STM32F1xx_HAL_Driver/Src/stm32f1xx_hal_adc.o
 .debug_abbrev  0x000016f8      0x249 ./Drivers/STM32F1xx_HAL_Driver/Src/stm32f1xx_hal_adc_ex.o
 .debug_abbrev  0x00001941      0x2f8 ./Drivers/STM32F1xx_HAL_Driver/Src/stm32f1xx_hal_cortex.o
 .debug_abbrev  0x00001c39      0x1ca ./Drivers/STM32F1xx_HAL_Driver/Src/stm32f1xx_hal_gpio.o
 .debug_abbrev  0x00001e03      0x1f6 ./Drivers/STM32F1xx_HAL_Driver/Src/stm32f1xx_hal_pwr.o
 .debug_abbrev  0x00001ff9      0x2b3 ./Drivers/STM32F1xx_HAL_Driver/Src/stm32f1xx_hal_rcc.o
 .debug_abbrev  0x000022ac      0x188 ./Drivers/STM32F1xx_HAL_Driver/Src/stm32f1xx_hal_rcc_ex.o
 .debug_abbrev  0x00002434      0x23a ./Drivers/STM32F1xx_HAL_Driver/Src/stm32f1xx_hal_rtc.o
 .debug_abbrev  0x0000266e      0x22b ./Drivers/STM32F1xx_HAL_Driver/Src/stm32f1xx_hal_rtc_ex.o
 .debug_abbrev  0x00002899      0x27a ./Drivers/STM32F1xx_HAL_Driver/Src/stm32f1xx_hal_spi.o

.debug_aranges  0x00000000      0xb68
 .debug_aranges
                0x00000000       0x28 ./Core/Src/Battery.o
 .debug_aranges
                0x00000028       0x20 ./Core/Src/ButtonManager.o
 .debug_aranges
                0x00000048       0x30 ./Core/Src/RTCManager.o
 .debug_aranges
                0x00000078       0x28 ./Core/Src/Thermistor.o
 .debug_aranges
                0x000000a0       0x40 ./Core/Src/UIManager.o
 .debug_aranges
                0x000000e0       0x38 ./Core/Src/Utils.o
 .debug_aranges
                0x00000118       0x58 ./Core/Src/display.o
 .debug_aranges
                0x00000170       0x50 ./Core/Src/main.o
 .debug_aranges
                0x000001c0       0x50 ./Core/Src/stm32f1xx_hal_msp.o
 .debug_aranges
                0x00000210       0x78 ./Core/Src/stm32f1xx_it.o
 .debug_aranges
                0x00000288       0x28 ./Core/Src/system_stm32f1xx.o
 .debug_aranges
                0x000002b0       0x30 ./Core/Src/UI/UI_SetTime.o
 .debug_aranges
                0x000002e0       0x28 ./Core/Startup/startup_stm32f103c6tx.o
 .debug_aranges
                0x00000308       0xe0 ./Drivers/STM32F1xx_HAL_Driver/Src/stm32f1xx_hal.o
 .debug_aranges
                0x000003e8       0xf0 ./Drivers/STM32F1xx_HAL_Driver/Src/stm32f1xx_hal_adc.o
 .debug_aranges
                0x000004d8       0x80 ./Drivers/STM32F1xx_HAL_Driver/Src/stm32f1xx_hal_adc_ex.o
 .debug_aranges
                0x00000558      0x100 ./Drivers/STM32F1xx_HAL_Driver/Src/stm32f1xx_hal_cortex.o
 .debug_aranges
                0x00000658       0x58 ./Drivers/STM32F1xx_HAL_Driver/Src/stm32f1xx_hal_gpio.o
 .debug_aranges
                0x000006b0       0xa8 ./Drivers/STM32F1xx_HAL_Driver/Src/stm32f1xx_hal_pwr.o
 .debug_aranges
                0x00000758       0x90 ./Drivers/STM32F1xx_HAL_Driver/Src/stm32f1xx_hal_rcc.o
 .debug_aranges
                0x000007e8       0x30 ./Drivers/STM32F1xx_HAL_Driver/Src/stm32f1xx_hal_rcc_ex.o
 .debug_aranges
                0x00000818       0xf8 ./Drivers/STM32F1xx_HAL_Driver/Src/stm32f1xx_hal_rtc.o
 .debug_aranges
                0x00000910       0x88 ./Drivers/STM32F1xx_HAL_Driver/Src/stm32f1xx_hal_rtc_ex.o
 .debug_aranges
                0x00000998      0x1d0 ./Drivers/STM32F1xx_HAL_Driver/Src/stm32f1xx_hal_spi.o

.debug_rnglists
                0x00000000      0x871
 .debug_rnglists
                0x00000000       0x19 ./Core/Src/Battery.o
 .debug_rnglists
                0x00000019       0x14 ./Core/Src/ButtonManager.o
 .debug_rnglists
                0x0000002d       0x21 ./Core/Src/RTCManager.o
 .debug_rnglists
                0x0000004e       0x1b ./Core/Src/Thermistor.o
 .debug_rnglists
                0x00000069       0x2c ./Core/Src/UIManager.o
 .debug_rnglists
                0x00000095       0x27 ./Core/Src/Utils.o
 .debug_rnglists
                0x000000bc       0x40 ./Core/Src/display.o
 .debug_rnglists
                0x000000fc       0x3c ./Core/Src/main.o
 .debug_rnglists
                0x00000138       0x39 ./Core/Src/stm32f1xx_hal_msp.o
 .debug_rnglists
                0x00000171       0x55 ./Core/Src/stm32f1xx_it.o
 .debug_rnglists
                0x000001c6       0x1a ./Core/Src/system_stm32f1xx.o
 .debug_rnglists
                0x000001e0       0x21 ./Core/Src/UI/UI_SetTime.o
 .debug_rnglists
                0x00000201       0x19 ./Core/Startup/startup_stm32f103c6tx.o
 .debug_rnglists
                0x0000021a       0xa3 ./Drivers/STM32F1xx_HAL_Driver/Src/stm32f1xx_hal.o
 .debug_rnglists
                0x000002bd       0xbc ./Drivers/STM32F1xx_HAL_Driver/Src/stm32f1xx_hal_adc.o
 .debug_rnglists
                0x00000379       0x65 ./Drivers/STM32F1xx_HAL_Driver/Src/stm32f1xx_hal_adc_ex.o
 .debug_rnglists
                0x000003de       0xbb ./Drivers/STM32F1xx_HAL_Driver/Src/stm32f1xx_hal_cortex.o
 .debug_rnglists
                0x00000499       0x3f ./Drivers/STM32F1xx_HAL_Driver/Src/stm32f1xx_hal_gpio.o
 .debug_rnglists
                0x000004d8       0x7a ./Drivers/STM32F1xx_HAL_Driver/Src/stm32f1xx_hal_pwr.o
 .debug_rnglists
                0x00000552       0x6c ./Drivers/STM32F1xx_HAL_Driver/Src/stm32f1xx_hal_rcc.o
 .debug_rnglists
                0x000005be       0x21 ./Drivers/STM32F1xx_HAL_Driver/Src/stm32f1xx_hal_rcc_ex.o
 .debug_rnglists
                0x000005df       0xc1 ./Drivers/STM32F1xx_HAL_Driver/Src/stm32f1xx_hal_rtc.o
 .debug_rnglists
                0x000006a0       0x63 ./Drivers/STM32F1xx_HAL_Driver/Src/stm32f1xx_hal_rtc_ex.o
 .debug_rnglists
                0x00000703      0x16e ./Drivers/STM32F1xx_HAL_Driver/Src/stm32f1xx_hal_spi.o

.debug_macro    0x00000000    0x189a8
 .debug_macro   0x00000000       0x72 ./Core/Src/Battery.o
 .debug_macro   0x00000072      0xacc ./Core/Src/Battery.o
 .debug_macro   0x00000b3e       0x22 ./Core/Src/Battery.o
 .debug_macro   0x00000b60       0x8e ./Core/Src/Battery.o
 .debug_macro   0x00000bee       0x51 ./Core/Src/Battery.o
 .debug_macro   0x00000c3f      0x103 ./Core/Src/Battery.o
 .debug_macro   0x00000d42       0x6a ./Core/Src/Battery.o
 .debug_macro   0x00000dac      0x1df ./Core/Src/Battery.o
 .debug_macro   0x00000f8b       0x22 ./Core/Src/Battery.o
 .debug_macro   0x00000fad      0x1d6 ./Core/Src/ButtonManager.o
 .debug_macro   0x00001183      0x221 ./Core/Src/ButtonManager.o
 .debug_macro   0x000013a4       0x2e ./Core/Src/ButtonManager.o
 .debug_macro   0x000013d2       0x22 ./Core/Src/ButtonManager.o
 .debug_macro   0x000013f4       0x1c ./Core/Src/ButtonManager.o
 .debug_macro   0x00001410       0x22 ./Core/Src/ButtonManager.o
 .debug_macro   0x00001432       0xbd ./Core/Src/ButtonManager.o
 .debug_macro   0x000014ef      0xd23 ./Core/Src/ButtonManager.o
 .debug_macro   0x00002212     0xde75 ./Core/Src/ButtonManager.o
 .debug_macro   0x00010087       0x6d ./Core/Src/ButtonManager.o
 .debug_macro   0x000100f4     0x34a2 ./Core/Src/ButtonManager.o
 .debug_macro   0x00013596      0x190 ./Core/Src/ButtonManager.o
 .debug_macro   0x00013726       0x5c ./Core/Src/ButtonManager.o
 .debug_macro   0x00013782      0x5bc ./Core/Src/ButtonManager.o
 .debug_macro   0x00013d3e      0x1b7 ./Core/Src/ButtonManager.o
 .debug_macro   0x00013ef5      0x1cb ./Core/Src/ButtonManager.o
 .debug_macro   0x000140c0      0x114 ./Core/Src/ButtonManager.o
 .debug_macro   0x000141d4      0x1b2 ./Core/Src/ButtonManager.o
 .debug_macro   0x00014386       0x27 ./Core/Src/ButtonManager.o
 .debug_macro   0x000143ad      0x12f ./Core/Src/ButtonManager.o
 .debug_macro   0x000144dc      0x1bc ./Core/Src/ButtonManager.o
 .debug_macro   0x00014698       0x34 ./Core/Src/ButtonManager.o
 .debug_macro   0x000146cc       0x3c ./Core/Src/ButtonManager.o
 .debug_macro   0x00014708       0x57 ./Core/Src/ButtonManager.o
 .debug_macro   0x0001475f      0x46a ./Core/Src/ButtonManager.o
 .debug_macro   0x00014bc9      0x1b5 ./Core/Src/ButtonManager.o
 .debug_macro   0x00014d7e       0x87 ./Core/Src/ButtonManager.o
 .debug_macro   0x00014e05      0x183 ./Core/Src/ButtonManager.o
 .debug_macro   0x00014f88      0x140 ./Core/Src/ButtonManager.o
 .debug_macro   0x000150c8      0x1ef ./Core/Src/ButtonManager.o
 .debug_macro   0x000152b7       0xeb ./Core/Src/ButtonManager.o
 .debug_macro   0x000153a2      0x217 ./Core/Src/ButtonManager.o
 .debug_macro   0x000155b9       0x69 ./Core/Src/ButtonManager.o
 .debug_macro   0x00015622       0x94 ./Core/Src/ButtonManager.o
 .debug_macro   0x000156b6       0x16 ./Core/Src/ButtonManager.o
 .debug_macro   0x000156cc      0x1be ./Core/Src/RTCManager.o
 .debug_macro   0x0001588a      0x116 ./Core/Src/Thermistor.o
 .debug_macro   0x000159a0       0x28 ./Core/Src/Thermistor.o
 .debug_macro   0x000159c8       0x5b ./Core/Src/Thermistor.o
 .debug_macro   0x00015a23       0x24 ./Core/Src/Thermistor.o
 .debug_macro   0x00015a47       0x94 ./Core/Src/Thermistor.o
 .debug_macro   0x00015adb       0x43 ./Core/Src/Thermistor.o
 .debug_macro   0x00015b1e       0x34 ./Core/Src/Thermistor.o
 .debug_macro   0x00015b52       0x57 ./Core/Src/Thermistor.o
 .debug_macro   0x00015ba9      0x370 ./Core/Src/Thermistor.o
 .debug_macro   0x00015f19       0x16 ./Core/Src/Thermistor.o
 .debug_macro   0x00015f2f       0x4a ./Core/Src/Thermistor.o
 .debug_macro   0x00015f79       0x34 ./Core/Src/Thermistor.o
 .debug_macro   0x00015fad       0x10 ./Core/Src/Thermistor.o
 .debug_macro   0x00015fbd       0x58 ./Core/Src/Thermistor.o
 .debug_macro   0x00016015       0x8e ./Core/Src/Thermistor.o
 .debug_macro   0x000160a3       0x1c ./Core/Src/Thermistor.o
 .debug_macro   0x000160bf      0x185 ./Core/Src/Thermistor.o
 .debug_macro   0x00016244      0x19b ./Core/Src/Thermistor.o
 .debug_macro   0x000163df      0x2e1 ./Core/Src/UIManager.o
 .debug_macro   0x000166c0       0x28 ./Core/Src/UIManager.o
 .debug_macro   0x000166e8       0x28 ./Core/Src/UIManager.o
 .debug_macro   0x00016710       0x61 ./Core/Src/UIManager.o
 .debug_macro   0x00016771       0x9a ./Core/Src/UIManager.o
 .debug_macro   0x0001680b       0x2e ./Core/Src/UIManager.o
 .debug_macro   0x00016839       0x6d ./Core/Src/Utils.o
 .debug_macro   0x000168a6      0x1c3 ./Core/Src/display.o
 .debug_macro   0x00016a69      0x2e9 ./Core/Src/main.o
 .debug_macro   0x00016d52       0x2e ./Core/Src/main.o
 .debug_macro   0x00016d80      0x1c3 ./Core/Src/stm32f1xx_hal_msp.o
 .debug_macro   0x00016f43      0x1cd ./Core/Src/stm32f1xx_it.o
 .debug_macro   0x00017110      0x1b4 ./Core/Src/system_stm32f1xx.o
 .debug_macro   0x000172c4      0x2e1 ./Core/Src/UI/UI_SetTime.o
 .debug_macro   0x000175a5      0x1d8 ./Drivers/STM32F1xx_HAL_Driver/Src/stm32f1xx_hal.o
 .debug_macro   0x0001777d      0x1d1 ./Drivers/STM32F1xx_HAL_Driver/Src/stm32f1xx_hal_adc.o
 .debug_macro   0x0001794e      0x1c6 ./Drivers/STM32F1xx_HAL_Driver/Src/stm32f1xx_hal_adc_ex.o
 .debug_macro   0x00017b14      0x1b4 ./Drivers/STM32F1xx_HAL_Driver/Src/stm32f1xx_hal_cortex.o
 .debug_macro   0x00017cc8      0x21f ./Drivers/STM32F1xx_HAL_Driver/Src/stm32f1xx_hal_gpio.o
 .debug_macro   0x00017ee7      0x214 ./Drivers/STM32F1xx_HAL_Driver/Src/stm32f1xx_hal_pwr.o
 .debug_macro   0x000180fb      0x1c6 ./Drivers/STM32F1xx_HAL_Driver/Src/stm32f1xx_hal_rcc.o
 .debug_macro   0x000182c1      0x1b4 ./Drivers/STM32F1xx_HAL_Driver/Src/stm32f1xx_hal_rcc_ex.o
 .debug_macro   0x00018475      0x1c3 ./Drivers/STM32F1xx_HAL_Driver/Src/stm32f1xx_hal_rtc.o
 .debug_macro   0x00018638      0x1b4 ./Drivers/STM32F1xx_HAL_Driver/Src/stm32f1xx_hal_rtc_ex.o
 .debug_macro   0x000187ec      0x1bc ./Drivers/STM32F1xx_HAL_Driver/Src/stm32f1xx_hal_spi.o

.debug_line     0x00000000     0xe2d9
 .debug_line    0x00000000      0x375 ./Core/Src/Battery.o
 .debug_line    0x00000375      0x6b9 ./Core/Src/ButtonManager.o
 .debug_line    0x00000a2e      0x7e7 ./Core/Src/RTCManager.o
 .debug_line    0x00001215      0x524 ./Core/Src/Thermistor.o
 .debug_line    0x00001739      0x975 ./Core/Src/UIManager.o
 .debug_line    0x000020ae      0x40b ./Core/Src/Utils.o
 .debug_line    0x000024b9      0x812 ./Core/Src/display.o
 .debug_line    0x00002ccb      0xa76 ./Core/Src/main.o
 .debug_line    0x00003741      0x731 ./Core/Src/stm32f1xx_hal_msp.o
 .debug_line    0x00003e72      0x77d ./Core/Src/stm32f1xx_it.o
 .debug_line    0x000045ef      0x6c8 ./Core/Src/system_stm32f1xx.o
 .debug_line    0x00004cb7      0x8f5 ./Core/Src/UI/UI_SetTime.o
 .debug_line    0x000055ac       0x78 ./Core/Startup/startup_stm32f103c6tx.o
 .debug_line    0x00005624      0x8f9 ./Drivers/STM32F1xx_HAL_Driver/Src/stm32f1xx_hal.o
 .debug_line    0x00005f1d      0xf1e ./Drivers/STM32F1xx_HAL_Driver/Src/stm32f1xx_hal_adc.o
 .debug_line    0x00006e3b      0xc40 ./Drivers/STM32F1xx_HAL_Driver/Src/stm32f1xx_hal_adc_ex.o
 .debug_line    0x00007a7b      0xac3 ./Drivers/STM32F1xx_HAL_Driver/Src/stm32f1xx_hal_cortex.o
 .debug_line    0x0000853e      0x941 ./Drivers/STM32F1xx_HAL_Driver/Src/stm32f1xx_hal_gpio.o
 .debug_line    0x00008e7f      0x89d ./Drivers/STM32F1xx_HAL_Driver/Src/stm32f1xx_hal_pwr.o
 .debug_line    0x0000971c      0xdb2 ./Drivers/STM32F1xx_HAL_Driver/Src/stm32f1xx_hal_rcc.o
 .debug_line    0x0000a4ce      0x863 ./Drivers/STM32F1xx_HAL_Driver/Src/stm32f1xx_hal_rcc_ex.o
 .debug_line    0x0000ad31     0x1108 ./Drivers/STM32F1xx_HAL_Driver/Src/stm32f1xx_hal_rtc.o
 .debug_line    0x0000be39      0x910 ./Drivers/STM32F1xx_HAL_Driver/Src/stm32f1xx_hal_rtc_ex.o
 .debug_line    0x0000c749     0x1b90 ./Drivers/STM32F1xx_HAL_Driver/Src/stm32f1xx_hal_spi.o

.debug_str      0x00000000    0x87141
 .debug_str     0x00000000    0x87141 ./Core/Src/Battery.o
                               0x3deb (size before relaxing)
 .debug_str     0x00087141    0x805d6 ./Core/Src/ButtonManager.o
 .debug_str     0x00087141    0x80497 ./Core/Src/RTCManager.o
 .debug_str     0x00087141     0x7b1b ./Core/Src/Thermistor.o
 .debug_str     0x00087141    0x8430f ./Core/Src/UIManager.o
 .debug_str     0x00087141     0x3dcd ./Core/Src/Utils.o
 .debug_str     0x00087141    0x807d3 ./Core/Src/display.o
 .debug_str     0x00087141    0x84eff ./Core/Src/main.o
 .debug_str     0x00087141    0x80eb3 ./Core/Src/stm32f1xx_hal_msp.o
 .debug_str     0x00087141    0x80a87 ./Core/Src/stm32f1xx_it.o
 .debug_str     0x00087141    0x802db ./Core/Src/system_stm32f1xx.o
 .debug_str     0x00087141    0x840ed ./Core/Src/UI/UI_SetTime.o
 .debug_str     0x00087141       0x83 ./Core/Startup/startup_stm32f103c6tx.o
 .debug_str     0x00087141    0x809d4 ./Drivers/STM32F1xx_HAL_Driver/Src/stm32f1xx_hal.o
 .debug_str     0x00087141    0x809bf ./Drivers/STM32F1xx_HAL_Driver/Src/stm32f1xx_hal_adc.o
 .debug_str     0x00087141    0x8098f ./Drivers/STM32F1xx_HAL_Driver/Src/stm32f1xx_hal_adc_ex.o
 .debug_str     0x00087141    0x80920 ./Drivers/STM32F1xx_HAL_Driver/Src/stm32f1xx_hal_cortex.o
 .debug_str     0x00087141    0x80661 ./Drivers/STM32F1xx_HAL_Driver/Src/stm32f1xx_hal_gpio.o
 .debug_str     0x00087141    0x80812 ./Drivers/STM32F1xx_HAL_Driver/Src/stm32f1xx_hal_pwr.o
 .debug_str     0x00087141    0x8070a ./Drivers/STM32F1xx_HAL_Driver/Src/stm32f1xx_hal_rcc.o
 .debug_str     0x00087141    0x8045a ./Drivers/STM32F1xx_HAL_Driver/Src/stm32f1xx_hal_rcc_ex.o
 .debug_str     0x00087141    0x807e6 ./Drivers/STM32F1xx_HAL_Driver/Src/stm32f1xx_hal_rtc.o
 .debug_str     0x00087141    0x80628 ./Drivers/STM32F1xx_HAL_Driver/Src/stm32f1xx_hal_rtc_ex.o
 .debug_str     0x00087141    0x80c01 ./Drivers/STM32F1xx_HAL_Driver/Src/stm32f1xx_hal_spi.o

.comment        0x00000000       0x43
 .comment       0x00000000       0x43 ./Core/Src/Battery.o
                                 0x44 (size before relaxing)
 .comment       0x00000043       0x44 ./Core/Src/ButtonManager.o
 .comment       0x00000043       0x44 ./Core/Src/RTCManager.o
 .comment       0x00000043       0x44 ./Core/Src/Thermistor.o
 .comment       0x00000043       0x44 ./Core/Src/UIManager.o
 .comment       0x00000043       0x44 ./Core/Src/Utils.o
 .comment       0x00000043       0x44 ./Core/Src/display.o
 .comment       0x00000043       0x44 ./Core/Src/main.o
 .comment       0x00000043       0x44 ./Core/Src/stm32f1xx_hal_msp.o
 .comment       0x00000043       0x44 ./Core/Src/stm32f1xx_it.o
 .comment       0x00000043       0x44 ./Core/Src/system_stm32f1xx.o
 .comment       0x00000043       0x44 ./Core/Src/UI/UI_SetTime.o
 .comment       0x00000043       0x44 ./Drivers/STM32F1xx_HAL_Driver/Src/stm32f1xx_hal.o
 .comment       0x00000043       0x44 ./Drivers/STM32F1xx_HAL_Driver/Src/stm32f1xx_hal_adc.o
 .comment       0x00000043       0x44 ./Drivers/STM32F1xx_HAL_Driver/Src/stm32f1xx_hal_adc_ex.o
 .comment       0x00000043       0x44 ./Drivers/STM32F1xx_HAL_Driver/Src/stm32f1xx_hal_cortex.o
 .comment       0x00000043       0x44 ./Drivers/STM32F1xx_HAL_Driver/Src/stm32f1xx_hal_gpio.o
 .comment       0x00000043       0x44 ./Drivers/STM32F1xx_HAL_Driver/Src/stm32f1xx_hal_pwr.o
 .comment       0x00000043       0x44 ./Drivers/STM32F1xx_HAL_Driver/Src/stm32f1xx_hal_rcc.o
 .comment       0x00000043       0x44 ./Drivers/STM32F1xx_HAL_Driver/Src/stm32f1xx_hal_rcc_ex.o
 .comment       0x00000043       0x44 ./Drivers/STM32F1xx_HAL_Driver/Src/stm32f1xx_hal_rtc.o
 .comment       0x00000043       0x44 ./Drivers/STM32F1xx_HAL_Driver/Src/stm32f1xx_hal_rtc_ex.o
 .comment       0x00000043       0x44 ./Drivers/STM32F1xx_HAL_Driver/Src/stm32f1xx_hal_spi.o

.debug_frame    0x00000000     0x2e2c
 .debug_frame   0x00000000       0x58 ./Core/Src/Battery.o
 .debug_frame   0x00000058       0x34 ./Core/Src/ButtonManager.o
 .debug_frame   0x0000008c       0x7c ./Core/Src/RTCManager.o
 .debug_frame   0x00000108       0x5c ./Core/Src/Thermistor.o
 .debug_frame   0x00000164       0xb4 ./Core/Src/UIManager.o
 .debug_frame   0x00000218       0xa4 ./Core/Src/Utils.o
 .debug_frame   0x000002bc      0x130 ./Core/Src/display.o
 .debug_frame   0x000003ec       0xf8 ./Core/Src/main.o
 .debug_frame   0x000004e4      0x110 ./Core/Src/stm32f1xx_hal_msp.o
 .debug_frame   0x000005f4      0x158 ./Core/Src/stm32f1xx_it.o
 .debug_frame   0x0000074c       0x58 ./Core/Src/system_stm32f1xx.o
 .debug_frame   0x000007a4       0x70 ./Core/Src/UI/UI_SetTime.o
 .debug_frame   0x00000814      0x334 ./Drivers/STM32F1xx_HAL_Driver/Src/stm32f1xx_hal.o
 .debug_frame   0x00000b48      0x40c ./Drivers/STM32F1xx_HAL_Driver/Src/stm32f1xx_hal_adc.o
 .debug_frame   0x00000f54      0x200 ./Drivers/STM32F1xx_HAL_Driver/Src/stm32f1xx_hal_adc_ex.o
 .debug_frame   0x00001154      0x428 ./Drivers/STM32F1xx_HAL_Driver/Src/stm32f1xx_hal_cortex.o
 .debug_frame   0x0000157c      0x14c ./Drivers/STM32F1xx_HAL_Driver/Src/stm32f1xx_hal_gpio.o
 .debug_frame   0x000016c8      0x270 ./Drivers/STM32F1xx_HAL_Driver/Src/stm32f1xx_hal_pwr.o
 .debug_frame   0x00001938      0x218 ./Drivers/STM32F1xx_HAL_Driver/Src/stm32f1xx_hal_rcc.o
 .debug_frame   0x00001b50       0x80 ./Drivers/STM32F1xx_HAL_Driver/Src/stm32f1xx_hal_rcc_ex.o
 .debug_frame   0x00001bd0      0x434 ./Drivers/STM32F1xx_HAL_Driver/Src/stm32f1xx_hal_rtc.o
 .debug_frame   0x00002004      0x234 ./Drivers/STM32F1xx_HAL_Driver/Src/stm32f1xx_hal_rtc_ex.o
 .debug_frame   0x00002238      0x824 ./Drivers/STM32F1xx_HAL_Driver/Src/stm32f1xx_hal_spi.o
 .debug_frame   0x00002a5c      0x144 /opt/stm32cubeide/plugins/com.st.stm32cube.ide.mcu.externaltools.gnu-tools-for-stm32.13.3.rel1.linux64_1.0.0.202410170706/tools/bin/../lib/gcc/arm-none-eabi/13.3.1/../../../../arm-none-eabi/lib/thumb/v7-m/nofp/libc_nano.a(libc_a-findfp.o)
 .debug_frame   0x00002ba0       0x20 /opt/stm32cubeide/plugins/com.st.stm32cube.ide.mcu.externaltools.gnu-tools-for-stm32.13.3.rel1.linux64_1.0.0.202410170706/tools/bin/../lib/gcc/arm-none-eabi/13.3.1/../../../../arm-none-eabi/lib/thumb/v7-m/nofp/libc_nano.a(libc_a-memset.o)
 .debug_frame   0x00002bc0       0x20 /opt/stm32cubeide/plugins/com.st.stm32cube.ide.mcu.externaltools.gnu-tools-for-stm32.13.3.rel1.linux64_1.0.0.202410170706/tools/bin/../lib/gcc/arm-none-eabi/13.3.1/../../../../arm-none-eabi/lib/thumb/v7-m/nofp/libc_nano.a(libc_a-errno.o)
 .debug_frame   0x00002be0       0x2c /opt/stm32cubeide/plugins/com.st.stm32cube.ide.mcu.externaltools.gnu-tools-for-stm32.13.3.rel1.linux64_1.0.0.202410170706/tools/bin/../lib/gcc/arm-none-eabi/13.3.1/../../../../arm-none-eabi/lib/thumb/v7-m/nofp/libc_nano.a(libc_a-init.o)
 .debug_frame   0x00002c0c       0x34 /opt/stm32cubeide/plugins/com.st.stm32cube.ide.mcu.externaltools.gnu-tools-for-stm32.13.3.rel1.linux64_1.0.0.202410170706/tools/bin/../lib/gcc/arm-none-eabi/13.3.1/../../../../arm-none-eabi/lib/thumb/v7-m/nofp/libm.a(libm_a-wf_log.o)
 .debug_frame   0x00002c40       0x20 /opt/stm32cubeide/plugins/com.st.stm32cube.ide.mcu.externaltools.gnu-tools-for-stm32.13.3.rel1.linux64_1.0.0.202410170706/tools/bin/../lib/gcc/arm-none-eabi/13.3.1/../../../../arm-none-eabi/lib/thumb/v7-m/nofp/libm.a(libm_a-sf_nan.o)
 .debug_frame   0x00002c60       0x38 /opt/stm32cubeide/plugins/com.st.stm32cube.ide.mcu.externaltools.gnu-tools-for-stm32.13.3.rel1.linux64_1.0.0.202410170706/tools/bin/../lib/gcc/arm-none-eabi/13.3.1/../../../../arm-none-eabi/lib/thumb/v7-m/nofp/libm.a(libm_a-ef_log.o)
 .debug_frame   0x00002c98       0x4c /opt/stm32cubeide/plugins/com.st.stm32cube.ide.mcu.externaltools.gnu-tools-for-stm32.13.3.rel1.linux64_1.0.0.202410170706/tools/bin/../lib/gcc/arm-none-eabi/13.3.1/thumb/v7-m/nofp/libgcc.a(_arm_addsubsf3.o)
 .debug_frame   0x00002ce4       0x38 /opt/stm32cubeide/plugins/com.st.stm32cube.ide.mcu.externaltools.gnu-tools-for-stm32.13.3.rel1.linux64_1.0.0.202410170706/tools/bin/../lib/gcc/arm-none-eabi/13.3.1/thumb/v7-m/nofp/libgcc.a(_arm_muldivsf3.o)
 .debug_frame   0x00002d1c       0xc8 /opt/stm32cubeide/plugins/com.st.stm32cube.ide.mcu.externaltools.gnu-tools-for-stm32.13.3.rel1.linux64_1.0.0.202410170706/tools/bin/../lib/gcc/arm-none-eabi/13.3.1/thumb/v7-m/nofp/libgcc.a(_arm_cmpsf2.o)
 .debug_frame   0x00002de4       0x24 /opt/stm32cubeide/plugins/com.st.stm32cube.ide.mcu.externaltools.gnu-tools-for-stm32.13.3.rel1.linux64_1.0.0.202410170706/tools/bin/../lib/gcc/arm-none-eabi/13.3.1/thumb/v7-m/nofp/libgcc.a(_arm_unordsf2.o)
 .debug_frame   0x00002e08       0x24 /opt/stm32cubeide/plugins/com.st.stm32cube.ide.mcu.externaltools.gnu-tools-for-stm32.13.3.rel1.linux64_1.0.0.202410170706/tools/bin/../lib/gcc/arm-none-eabi/13.3.1/thumb/v7-m/nofp/libgcc.a(_arm_fixunssfsi.o)

.debug_line_str
                0x00000000       0x67
 .debug_line_str
                0x00000000       0x67 ./Core/Startup/startup_stm32f103c6tx.o
